travis_fold:start:system_info[0K[33;1mBuild system information[0m
Build language: python
Build group: stable
Build dist: precise
Build id: ''
Job id: ''
[34m[1mBuild image provisioning date and time[0m
Thu Feb  5 15:09:33 UTC 2015
[34m[1mOperating System Details[0m
Distributor ID:	Ubuntu
Description:	Ubuntu 12.04.5 LTS
Release:	12.04
Codename:	precise
[34m[1mLinux Version[0m
3.13.0-29-generic
[34m[1mCookbooks Version[0m
a68419e https://github.com/travis-ci/travis-cookbooks/tree/a68419e
[34m[1mGCC version[0m
gcc (Ubuntu/Linaro 4.6.3-1ubuntu5) 4.6.3
Copyright (C) 2011 Free Software Foundation, Inc.
This is free software; see the source for copying conditions.  There is NO
warranty; not even for MERCHANTABILITY or FITNESS FOR A PARTICULAR PURPOSE.

[34m[1mLLVM version[0m
clang version 3.4 (tags/RELEASE_34/final)
Target: x86_64-unknown-linux-gnu
Thread model: posix
[34m[1mPre-installed Ruby versions[0m
ruby-1.9.3-p551
[34m[1mPre-installed Node.js versions[0m
v0.10.36
[34m[1mPre-installed Go versions[0m
1.4.1
[34m[1mRedis version[0m
redis-server 2.8.19
[34m[1mriak version[0m
2.0.2
[34m[1mMongoDB version[0m
MongoDB 2.4.12
[34m[1mCouchDB version[0m
couchdb 1.6.1
[34m[1mNeo4j version[0m
1.9.4
[34m[1mRabbitMQ Version[0m
3.4.3
[34m[1mElasticSearch version[0m
1.4.0
[34m[1mInstalled Sphinx versions[0m
2.0.10
2.1.9
2.2.6
[34m[1mDefault Sphinx version[0m
2.2.6
[34m[1mInstalled Firefox version[0m
firefox 31.0esr
[34m[1mPhantomJS version[0m
1.9.8
[34m[1mant -version[0m
Apache Ant(TM) version 1.8.2 compiled on December 3 2011
[34m[1mmvn -version[0m
Apache Maven 3.2.5 (12a6b3acb947671f09b81f49094c53f426d8cea1; 2014-12-14T17:29:23+00:00)
Maven home: /usr/local/maven
Java version: 1.7.0_76, vendor: Oracle Corporation
Java home: /usr/lib/jvm/java-7-oracle/jre
Default locale: en_US, platform encoding: ANSI_X3.4-1968
OS name: "linux", version: "3.13.0-29-generic", arch: "amd64", family: "unix"
travis_fold:end:system_info[0K
grep: /etc/apt/sources.list.d/*: No such file or directory
sed: cannot rename /etc/hosts: Device or resource busy
sed: cannot rename /etc/hosts: Device or resource busy
[33;1m3.5 is not installed; attempting download[0m
[33;1mDownloading archive: https://s3.amazonaws.com/travis-python-archives/binaries/ubuntu/12.04/x86_64/python-3.5.tar.bz2[0m
$ sudo tar xjf python-3.5.tar.bz2 --directory /
$ cd passed/hivesolutions/appier
travis_fold:start:services[0Ktravis_time:start:2d127280[0K$ sudo service mongodb start
 * Starting database mongodb
   ...done.

travis_time:end:2d127280:start=1616881093770799481,finish=1616881094807714301,duration=1036914820[0Ktravis_fold:end:services[0K
[33;1mSetting environment variables from .travis.yml[0m
$ export ADAPTER=tiny

travis_time:start:01294063[0K$ source ~/virtualenv/python3.5/bin/activate

travis_time:end:01294063:start=1616881097993274988,finish=1616881098003892444,duration=10617456[0K$ python --version
Python 3.5.6
$ pip --version
pip 18.0 from /home/travis/virtualenv/python3.5.6/lib/python3.5/site-packages/pip (python 3.5)
travis_fold:start:install.1[0Ktravis_time:start:2af7fca4[0K$ pip install "pkginfo<1.3"
Collecting pkginfo<1.3
  Downloading https://files.pythonhosted.org/packages/a9/52/f6f41c68625a79bc037d8d75b5a5aa5f525ce2831152be81b5fdb5150175/pkginfo-1.2.1.tar.gz
Building wheels for collected packages: pkginfo
  Running setup.py bdist_wheel for pkginfo: started
  Running setup.py bdist_wheel for pkginfo: finished with status 'done'
  Stored in directory: /home/travis/.cache/pip/wheels/ae/91/c8/06854609561f6fe1276dd5b63906b2f455306a72fbfac1d25f
Successfully built pkginfo
Installing collected packages: pkginfo
Successfully installed pkginfo-1.2.1

travis_time:end:2af7fca4:start=1616881098436238860,finish=1616881103710468494,duration=5274229634[0Ktravis_fold:end:install.1[0Ktravis_fold:start:install.2[0Ktravis_time:start:1ea30a82[0K$ pip install -r requirements.txt
Collecting pymongo==3.2.2 (from -r requirements.txt (line 1))
  Downloading https://files.pythonhosted.org/packages/5a/59/d4faf11957b03a470882670f5f7dafd424a0364fdc0d8c7e8ab53f58ac40/pymongo-3.2.2.tar.gz (504kB)
Collecting tinydb==3.2.1 (from -r requirements.txt (line 2))
  Downloading https://files.pythonhosted.org/packages/6c/2e/0df79439cf5cb3c6acfc9fb87e12d9a0ff45d3c573558079b09c72b64ced/tinydb-3.2.1.zip
Collecting redis==2.10.5 (from -r requirements.txt (line 3))
  Downloading https://files.pythonhosted.org/packages/08/c1/457428f7507e27ba7144758a7b716ea35766e6d602f4a0c16e443ab3d381/redis-2.10.5-py2.py3-none-any.whl (60kB)
Building wheels for collected packages: pymongo, tinydb
  Running setup.py bdist_wheel for pymongo: started
  Running setup.py bdist_wheel for pymongo: finished with status 'done'
  Stored in directory: /home/travis/.cache/pip/wheels/2a/04/f8/4811235c188336d630a7130c4112bebc211a63c711f66de38d
  Running setup.py bdist_wheel for tinydb: started
  Running setup.py bdist_wheel for tinydb: finished with status 'done'
  Stored in directory: /home/travis/.cache/pip/wheels/0f/42/e2/c32020519ce08bbaab3e6ed69a56c0e2d31aa6c87a041a5149
Successfully built pymongo tinydb
Installing collected packages: pymongo, tinydb, redis
Successfully installed pymongo-3.2.2 redis-2.10.5 tinydb-3.2.1

travis_time:end:1ea30a82:start=1616881103721485693,finish=1616881109714973168,duration=5993487475[0Ktravis_fold:end:install.2[0Ktravis_fold:start:install.3[0Ktravis_time:start:2ef22cf7[0K$ pip install coveralls==1.1
Collecting coveralls==1.1
  Downloading https://files.pythonhosted.org/packages/81/f9/da2ad9334f60e418cb229c58724330be2635b369676d3eec8f61e1f85faa/coveralls-1.1-py2.py3-none-any.whl
Collecting coverage>=3.6 (from coveralls==1.1)
  Downloading https://files.pythonhosted.org/packages/18/97/fda94f1e78b508dd1a493106c236076c4c82a9925c9347211afc4d6bd4e0/coverage-5.5-cp35-cp35m-manylinux1_x86_64.whl (240kB)
Collecting docopt>=0.6.1 (from coveralls==1.1)
  Downloading https://files.pythonhosted.org/packages/a2/55/8f8cab2afd404cf578136ef2cc5dfb50baa1761b68c9da1fb1e4eed343c9/docopt-0.6.2.tar.gz
Collecting requests>=1.0.0 (from coveralls==1.1)
  Downloading https://files.pythonhosted.org/packages/29/c1/24814557f1d22c56d50280771a17307e6bf87b70727d975fd6b2ce6b014a/requests-2.25.1-py2.py3-none-any.whl (61kB)
Collecting urllib3<1.27,>=1.21.1 (from requests>=1.0.0->coveralls==1.1)
  Downloading https://files.pythonhosted.org/packages/09/c6/d3e3abe5b4f4f16cf0dfc9240ab7ce10c2baa0e268989a4e3ec19e90c84e/urllib3-1.26.4-py2.py3-none-any.whl (153kB)
Requirement already satisfied: certifi>=2017.4.17 in /home/travis/virtualenv/python3.5.6/lib/python3.5/site-packages (from requests>=1.0.0->coveralls==1.1) (2018.4.16)
Collecting idna<3,>=2.5 (from requests>=1.0.0->coveralls==1.1)
  Downloading https://files.pythonhosted.org/packages/a2/38/928ddce2273eaa564f6f50de919327bf3a00f091b5baba8dfa9460f3a8a8/idna-2.10-py2.py3-none-any.whl (58kB)
Collecting chardet<5,>=3.0.2 (from requests>=1.0.0->coveralls==1.1)
  Downloading https://files.pythonhosted.org/packages/19/c7/fa589626997dd07bd87d9269342ccb74b1720384a4d739a1872bd84fbe68/chardet-4.0.0-py2.py3-none-any.whl (178kB)
Building wheels for collected packages: docopt
  Running setup.py bdist_wheel for docopt: started
  Running setup.py bdist_wheel for docopt: finished with status 'done'
  Stored in directory: /home/travis/.cache/pip/wheels/9b/04/dd/7daf4150b6d9b12949298737de9431a324d4b797ffd63f526e
Successfully built docopt
Installing collected packages: coverage, docopt, urllib3, idna, chardet, requests, coveralls
Successfully installed chardet-4.0.0 coverage-5.5 coveralls-1.1 docopt-0.6.2 idna-2.10 requests-2.25.1 urllib3-1.26.4

travis_time:end:2ef22cf7:start=1616881109726513046,finish=1616881113493299047,duration=3766786001[0Ktravis_fold:end:install.3[0Ktravis_fold:start:install.4[0Ktravis_time:start:14c7abd2[0K$ pip install twine==1.6.5
Collecting twine==1.6.5
  Downloading https://files.pythonhosted.org/packages/db/79/db4edb6e85fda783b00d578a44891cc42c1744167ac6137a1da91edd10c1/twine-1.6.5-py2.py3-none-any.whl
Requirement already satisfied: pkginfo>=1.0 in /home/travis/virtualenv/python3.5.6/lib/python3.5/site-packages (from twine==1.6.5) (1.2.1)
Requirement already satisfied: requests>=2.3.0 in /home/travis/virtualenv/python3.5.6/lib/python3.5/site-packages (from twine==1.6.5) (2.25.1)
Collecting requests-toolbelt>=0.4.0 (from twine==1.6.5)
  Downloading https://files.pythonhosted.org/packages/60/ef/7681134338fc097acef8d9b2f8abe0458e4d87559c689a8c306d0957ece5/requests_toolbelt-0.9.1-py2.py3-none-any.whl (54kB)
Requirement already satisfied: setuptools>=0.7.0 in /home/travis/virtualenv/python3.5.6/lib/python3.5/site-packages (from twine==1.6.5) (40.0.0)
Requirement already satisfied: urllib3<1.27,>=1.21.1 in /home/travis/virtualenv/python3.5.6/lib/python3.5/site-packages (from requests>=2.3.0->twine==1.6.5) (1.26.4)
Requirement already satisfied: idna<3,>=2.5 in /home/travis/virtualenv/python3.5.6/lib/python3.5/site-packages (from requests>=2.3.0->twine==1.6.5) (2.10)
Requirement already satisfied: chardet<5,>=3.0.2 in /home/travis/virtualenv/python3.5.6/lib/python3.5/site-packages (from requests>=2.3.0->twine==1.6.5) (4.0.0)
Requirement already satisfied: certifi>=2017.4.17 in /home/travis/virtualenv/python3.5.6/lib/python3.5/site-packages (from requests>=2.3.0->twine==1.6.5) (2018.4.16)
Installing collected packages: requests-toolbelt, twine
Successfully installed requests-toolbelt-0.9.1 twine-1.6.5

travis_time:end:14c7abd2:start=1616881113505124751,finish=1616881114752172684,duration=1247047933[0Ktravis_fold:end:install.4[0Ktravis_time:start:11efaca8[0K$ if [[ $TRAVIS_PYTHON_VERSION != "3.2" ]]; then coverage run --source=appier setup.py test; else python setup.py test; fi
running test
running egg_info
creating src/appier.egg-info
writing top-level names to src/appier.egg-info/top_level.txt
writing dependency_links to src/appier.egg-info/dependency_links.txt
writing src/appier.egg-info/PKG-INFO
writing manifest file 'src/appier.egg-info/SOURCES.txt'
reading manifest file 'src/appier.egg-info/SOURCES.txt'
reading manifest template 'MANIFEST.in'
writing manifest file 'src/appier.egg-info/SOURCES.txt'
running build_ext
test_locale (appier.test.base.BaseTest) ... ok
test_memory (appier.test.cache.CacheTest) ... ok
test_rc4 (appier.test.crypt.CryptTest) ... ok
test_spritz (appier.test.crypt.CryptTest) ... ok
test_id (appier.test.data.DataTest) ... ok
test_encoding (appier.test.exceptions.ExceptionsTest) ... ok
test_validation (appier.test.exceptions.ExceptionsTest) ... ok
test_import_multiple (appier.test.export.ExportTest) ... ok
test_import_single (appier.test.export.ExportTest) ... ok
test_get_f (appier.test.http.HttpTest) ... ok
test_parse_url (appier.test.http.HttpTest) ... ok
test_redirect (appier.test.http.HttpTest) ... ERROR
test_argspec (appier.test.legacy.LegacyTest) ... ok
test_tobytes (appier.test.legacy.LegacyTest) ... ok
test_tostring (appier.test.legacy.LegacyTest) ... ok
test_basic (appier.test.model.ModelTest) ... ok
test_count (appier.test.model.ModelTest) ... ok
test_delete (appier.test.model.ModelTest) ... ok
test_eager (appier.test.model.ModelTest) ... ok
test_exists (appier.test.model.ModelTest) ... ok
test_find (appier.test.model.ModelTest) ... ok
test_increment (appier.test.model.ModelTest) ... ok
test_map (appier.test.model.ModelTest) ... ok
test_meta (appier.test.model.ModelTest) ... ok
test_range (appier.test.model.ModelTest) ... ok
test_references (appier.test.model.ModelTest) ... ok
test_sort (appier.test.model.ModelTest) ... ok
test_validation (appier.test.model.ModelTest) ... ok
test_wrap (appier.test.model.ModelTest) ... ok
test_mock (appier.test.request.RequestTest) ... ok
test_csv (appier.test.serialize.SerializeTest) ... ok
test_expire (appier.test.session.SessionTest) ... ok
test_file (appier.test.session.SessionTest) ... ok
test_memory (appier.test.session.SessionTest) ... ok
test_transient (appier.test.session.SessionTest) ... ok
test_plain (appier.test.smtp.SmtpTest) ... ok
test_order (appier.test.structures.OrderedDictTest) ... ok
test_dumpall (appier.test.typesf.TypesfTest) ... ok
test_encrypted (appier.test.typesf.TypesfTest) ... ok
test_file (appier.test.typesf.TypesfTest) ... ok
test_reference (appier.test.typesf.TypesfTest) ... ok
test_references (appier.test.typesf.TypesfTest) ... ok
test_date_to_timestamp (appier.test.util.UtilTest) ... ok
test_dict_merge (appier.test.util.UtilTest) ... ok
test_email_mime (appier.test.util.UtilTest) ... ok
test_email_parts (appier.test.util.UtilTest) ... ok
test_obfuscate (appier.test.util.UtilTest) ... ok

======================================================================
ERROR: test_redirect (appier.test.http.HttpTest)
----------------------------------------------------------------------
Traceback (most recent call last):
  File "/home/travis/build/passed/hivesolutions/appier/src/appier/http.py", line 444, in _resolve
    try: result = resolver(*args, **kwargs)
  File "/home/travis/build/passed/hivesolutions/appier/src/appier/http.py", line 455, in _resolve_netius
    import netius.clients
ImportError: No module named 'netius'

During handling of the above exception, another exception occurred:

Traceback (most recent call last):
  File "/home/travis/build/passed/hivesolutions/appier/src/appier/http.py", line 208, in _method
    result = method(*args, **kwargs)
  File "/home/travis/build/passed/hivesolutions/appier/src/appier/http.py", line 235, in _get
    redirect = redirect
  File "/home/travis/build/passed/hivesolutions/appier/src/appier/http.py", line 351, in _method_empty
    file = _resolve(url, name, headers, None, timeout)
  File "/home/travis/build/passed/hivesolutions/appier/src/appier/http.py", line 445, in _resolve
    except ImportError: result = _resolve_legacy(*args, **kwargs)
  File "/home/travis/build/passed/hivesolutions/appier/src/appier/http.py", line 452, in _resolve_legacy
    return opener.open(request, timeout = timeout)
  File "/opt/python/3.5.6/lib/python3.5/urllib/request.py", line 472, in open
    response = meth(req, response)
  File "/opt/python/3.5.6/lib/python3.5/urllib/request.py", line 582, in http_response
    'http', request, response, code, msg, hdrs)
  File "/opt/python/3.5.6/lib/python3.5/urllib/request.py", line 510, in error
    return self._call_chain(*args)
  File "/opt/python/3.5.6/lib/python3.5/urllib/request.py", line 444, in _call_chain
    result = func(*args)
  File "/opt/python/3.5.6/lib/python3.5/urllib/request.py", line 590, in http_error_default
    raise HTTPError(req.full_url, code, msg, hdrs, fp)
urllib.error.HTTPError: HTTP Error 404: Not Found

During handling of the above exception, another exception occurred:

Traceback (most recent call last):
  File "/home/travis/build/passed/hivesolutions/appier/src/appier/test/http.py", line 92, in test_redirect
    redirect = True
  File "/home/travis/build/passed/hivesolutions/appier/src/appier/http.py", line 106, in get
    auth_callback = auth_callback
  File "/home/travis/build/passed/hivesolutions/appier/src/appier/http.py", line 218, in _method
    raise exceptions.HTTPError(error, code)
appier.exceptions.HTTPError: [404] Problem in the HTTP request

----------------------------------------------------------------------
Ran 47 tests in 2.072s

FAILED (errors=1)
Test failed: <unittest.runner.TextTestResult run=47 errors=1 failures=0>
error: Test failed: <unittest.runner.TextTestResult run=47 errors=1 failures=0>

travis_time:end:11efaca8:start=1616881114762860829,finish=1616881118224213768,duration=3461352939[0K
[31;1mThe command "if [[ $TRAVIS_PYTHON_VERSION != "3.2" ]]; then coverage run --source=appier setup.py test; else python setup.py test; fi" exited with 1.[0m

Done. Your build exited with 1.
