travis_fold:start:system_info[0K[33;1mBuild system information[0m
Build language: python
Build group: stable
Build dist: trusty
Build id: ''
Job id: ''
[34m[1mBuild image provisioning date and time[0m
Tue Dec  5 20:11:19 UTC 2017
[34m[1mOperating System Details[0m
Distributor ID:	Ubuntu
Description:	Ubuntu 14.04.5 LTS
Release:	14.04
Codename:	trusty
[34m[1mCookbooks Version[0m
7c2c6a6 https://github.com/travis-ci/travis-cookbooks/tree/7c2c6a6
[34m[1mgit version[0m
git version 2.15.1
[34m[1mbash version[0m
GNU bash, version 4.3.11(1)-release (x86_64-pc-linux-gnu)
[34m[1mgcc version[0m
gcc (Ubuntu 4.8.4-2ubuntu1~14.04.3) 4.8.4
Copyright (C) 2013 Free Software Foundation, Inc.
This is free software; see the source for copying conditions.  There is NO
warranty; not even for MERCHANTABILITY or FITNESS FOR A PARTICULAR PURPOSE.

[34m[1mdocker version[0m
Client:
 Version:      17.09.0-ce
 API version:  1.32
 Go version:   go1.8.3
 Git commit:   afdb6d4
 Built:        Tue Sep 26 22:39:28 2017
 OS/Arch:      linux/amd64
[34m[1mclang version[0m
clang version 5.0.0 (tags/RELEASE_500/final)
Target: x86_64-unknown-linux-gnu
Thread model: posix
InstalledDir: /usr/local/clang-5.0.0/bin
[34m[1mjq version[0m
jq-1.5
[34m[1mbats version[0m
Bats 0.4.0
[34m[1mshellcheck version[0m
0.4.6
[34m[1mshfmt version[0m
v2.0.0
[34m[1mccache version[0m
ccache version 3.1.9

Copyright (C) 2002-2007 Andrew Tridgell
Copyright (C) 2009-2011 Joel Rosdahl

This program is free software; you can redistribute it and/or modify it under
the terms of the GNU General Public License as published by the Free Software
Foundation; either version 3 of the License, or (at your option) any later
version.
[34m[1mcmake version[0m
cmake version 3.9.2

CMake suite maintained and supported by Kitware (kitware.com/cmake).
[34m[1mheroku version[0m
heroku-cli/6.14.39-addc925 (linux-x64) node-v9.2.0
[34m[1mimagemagick version[0m
Version: ImageMagick 6.7.7-10 2017-07-31 Q16 http://www.imagemagick.org
[34m[1mmd5deep version[0m
4.2
[34m[1mmercurial version[0m
Mercurial Distributed SCM (version 4.2.2)
(see https://mercurial-scm.org for more information)

Copyright (C) 2005-2017 Matt Mackall and others
This is free software; see the source for copying conditions. There is NO
warranty; not even for MERCHANTABILITY or FITNESS FOR A PARTICULAR PURPOSE.
[34m[1mmysql version[0m
mysql  Ver 14.14 Distrib 5.6.33, for debian-linux-gnu (x86_64) using  EditLine wrapper
[34m[1mopenssl version[0m
OpenSSL 1.0.1f 6 Jan 2014
[34m[1mpacker version[0m
Packer v1.0.2

Your version of Packer is out of date! The latest version
is 1.1.2. You can update by downloading from www.packer.io
[34m[1mpostgresql client version[0m
psql (PostgreSQL) 9.6.6
[34m[1mragel version[0m
Ragel State Machine Compiler version 6.8 Feb 2013
Copyright (c) 2001-2009 by Adrian Thurston
[34m[1msubversion version[0m
svn, version 1.8.8 (r1568071)
   compiled Aug 10 2017, 17:20:39 on x86_64-pc-linux-gnu

Copyright (C) 2013 The Apache Software Foundation.
This software consists of contributions made by many people;
see the NOTICE file for more information.
Subversion is open source software, see http://subversion.apache.org/

The following repository access (RA) modules are available:

* ra_svn : Module for accessing a repository using the svn network protocol.
  - with Cyrus SASL authentication
  - handles 'svn' scheme
* ra_local : Module for accessing a repository on local disk.
  - handles 'file' scheme
* ra_serf : Module for accessing a repository via WebDAV protocol using serf.
  - using serf 1.3.3
  - handles 'http' scheme
  - handles 'https' scheme

[34m[1msudo version[0m
Sudo version 1.8.9p5
Configure options: --prefix=/usr -v --with-all-insults --with-pam --with-fqdn --with-logging=syslog --with-logfac=authpriv --with-env-editor --with-editor=/usr/bin/editor --with-timeout=15 --with-password-timeout=0 --with-passprompt=[sudo] password for %p:  --without-lecture --with-tty-tickets --disable-root-mailer --enable-admin-flag --with-sendmail=/usr/sbin/sendmail --with-timedir=/var/lib/sudo --mandir=/usr/share/man --libexecdir=/usr/lib/sudo --with-sssd --with-sssd-lib=/usr/lib/x86_64-linux-gnu --with-selinux
Sudoers policy plugin version 1.8.9p5
Sudoers file grammar version 43

Sudoers path: /etc/sudoers
Authentication methods: 'pam'
Syslog facility if syslog is being used for logging: authpriv
Syslog priority to use when user authenticates successfully: notice
Syslog priority to use when user authenticates unsuccessfully: alert
Send mail if the user is not in sudoers
Use a separate timestamp for each user/tty combo
Lecture user the first time they run sudo
Root may run sudo
Allow some information gathering to give useful error messages
Require fully-qualified hostnames in the sudoers file
Visudo will honor the EDITOR environment variable
Set the LOGNAME and USER environment variables
Length at which to wrap log file lines (0 for no wrap): 80
Authentication timestamp timeout: 15.0 minutes
Password prompt timeout: 0.0 minutes
Number of tries to enter a password: 3
Umask to use or 0777 to use user's: 022
Path to mail program: /usr/sbin/sendmail
Flags for mail program: -t
Address to send mail to: root
Subject line for mail messages: *** SECURITY information for %h ***
Incorrect password message: Sorry, try again.
Path to authentication timestamp dir: /var/lib/sudo
Default password prompt: [sudo] password for %p: 
Default user to run commands as: root
Value to override user's $PATH with: /usr/local/sbin:/usr/local/bin:/usr/sbin:/usr/bin:/sbin:/bin:/snap/bin
Path to the editor for use by visudo: /usr/bin/editor
When to require a password for 'list' pseudocommand: any
When to require a password for 'verify' pseudocommand: all
File descriptors >= 3 will be closed before executing a command
Environment variables to check for sanity:
	TZ
	TERM
	LINGUAS
	LC_*
	LANGUAGE
	LANG
	COLORTERM
Environment variables to remove:
	RUBYOPT
	RUBYLIB
	PYTHONUSERBASE
	PYTHONINSPECT
	PYTHONPATH
	PYTHONHOME
	TMPPREFIX
	ZDOTDIR
	READNULLCMD
	NULLCMD
	FPATH
	PERL5DB
	PERL5OPT
	PERL5LIB
	PERLLIB
	PERLIO_DEBUG 
	JAVA_TOOL_OPTIONS
	SHELLOPTS
	GLOBIGNORE
	PS4
	BASH_ENV
	ENV
	TERMCAP
	TERMPATH
	TERMINFO_DIRS
	TERMINFO
	_RLD*
	LD_*
	PATH_LOCALE
	NLSPATH
	HOSTALIASES
	RES_OPTIONS
	LOCALDOMAIN
	CDPATH
	IFS
Environment variables to preserve:
	JAVA_HOME
	TRAVIS
	CI
	DEBIAN_FRONTEND
	XAUTHORIZATION
	XAUTHORITY
	PS2
	PS1
	PATH
	LS_COLORS
	KRB5CCNAME
	HOSTNAME
	HOME
	DISPLAY
	COLORS
Locale to use while parsing sudoers: C
Directory in which to store input/output logs: /var/log/sudo-io
File in which to store the input/output log: %{seq}
Add an entry to the utmp/utmpx file when allocating a pty
PAM service name to use
PAM service name to use for login shells
Create a new PAM session for the command to run in
Maximum I/O log sequence number: 0

Local IP address and netmask pairs:
	172.17.0.2/255.255.0.0

Sudoers I/O plugin version 1.8.9p5
[34m[1mgzip version[0m
gzip 1.6
Copyright (C) 2007, 2010, 2011 Free Software Foundation, Inc.
Copyright (C) 1993 Jean-loup Gailly.
This is free software.  You may redistribute copies of it under the terms of
the GNU General Public License <http://www.gnu.org/licenses/gpl.html>.
There is NO WARRANTY, to the extent permitted by law.

Written by Jean-loup Gailly.
[34m[1mzip version[0m
Copyright (c) 1990-2008 Info-ZIP - Type 'zip "-L"' for software license.
This is Zip 3.0 (July 5th 2008), by Info-ZIP.
Currently maintained by E. Gordon.  Please send bug reports to
the authors using the web page at www.info-zip.org; see README for details.

Latest sources and executables are at ftp://ftp.info-zip.org/pub/infozip,
as of above date; see http://www.info-zip.org/ for other sites.

Compiled with gcc 4.8.2 for Unix (Linux ELF) on Oct 21 2013.

Zip special compilation options:
	USE_EF_UT_TIME       (store Universal Time)
	BZIP2_SUPPORT        (bzip2 library version 1.0.6, 6-Sept-2010)
	    bzip2 code and library copyright (c) Julian R Seward
	    (See the bzip2 license for terms of use)
	SYMLINK_SUPPORT      (symbolic links supported)
	LARGE_FILE_SUPPORT   (can read and write large files on file system)
	ZIP64_SUPPORT        (use Zip64 to store large files in archives)
	UNICODE_SUPPORT      (store and read UTF-8 Unicode paths)
	STORE_UNIX_UIDs_GIDs (store UID/GID sizes/values using new extra field)
	UIDGID_NOT_16BIT     (old Unix 16-bit UID/GID extra field not used)
	[encryption, version 2.91 of 05 Jan 2007] (modified for Zip 3)

Encryption notice:
	The encryption code of this program is not copyrighted and is
	put in the public domain.  It was originally written in Europe
	and, to the best of our knowledge, can be freely distributed
	in both source and object forms from any country, including
	the USA under License Exception TSU of the U.S. Export
	Administration Regulations (section 740.13(e)) of 6 June 2002.

Zip environment options:
             ZIP:  [none]
          ZIPOPT:  [none]
[34m[1mvim version[0m
VIM - Vi IMproved 7.4 (2013 Aug 10, compiled Nov 24 2016 16:43:18)
Included patches: 1-52
Extra patches: 8.0.0056
Modified by pkg-vim-maintainers@lists.alioth.debian.org
Compiled by buildd@
Huge version without GUI.  Features included (+) or not (-):
+acl             +farsi           +mouse_netterm   +syntax
+arabic          +file_in_path    +mouse_sgr       +tag_binary
+autocmd         +find_in_path    -mouse_sysmouse  +tag_old_static
-balloon_eval    +float           +mouse_urxvt     -tag_any_white
-browse          +folding         +mouse_xterm     -tcl
++builtin_terms  -footer          +multi_byte      +terminfo
+byte_offset     +fork()          +multi_lang      +termresponse
+cindent         +gettext         -mzscheme        +textobjects
-clientserver    -hangul_input    +netbeans_intg   +title
-clipboard       +iconv           +path_extra      -toolbar
+cmdline_compl   +insert_expand   -perl            +user_commands
+cmdline_hist    +jumplist        +persistent_undo +vertsplit
+cmdline_info    +keymap          +postscript      +virtualedit
+comments        +langmap         +printer         +visual
+conceal         +libcall         +profile         +visualextra
+cryptv          +linebreak       +python          +viminfo
+cscope          +lispindent      -python3         +vreplace
+cursorbind      +listcmds        +quickfix        +wildignore
+cursorshape     +localmap        +reltime         +wildmenu
+dialog_con      -lua             +rightleft       +windows
+diff            +menu            -ruby            +writebackup
+digraphs        +mksession       +scrollbind      -X11
-dnd             +modify_fname    +signs           -xfontset
-ebcdic          +mouse           +smartindent     -xim
+emacs_tags      -mouseshape      -sniff           -xsmp
+eval            +mouse_dec       +startuptime     -xterm_clipboard
+ex_extra        +mouse_gpm       +statusline      -xterm_save
+extra_search    -mouse_jsbterm   -sun_workshop    -xpm
   system vimrc file: "$VIM/vimrc"
     user vimrc file: "$HOME/.vimrc"
 2nd user vimrc file: "~/.vim/vimrc"
      user exrc file: "$HOME/.exrc"
  fall-back for $VIM: "/usr/share/vim"
Compilation: gcc -c -I. -Iproto -DHAVE_CONFIG_H     -g -O2 -fstack-protector --param=ssp-buffer-size=4 -Wformat -Werror=format-security -U_FORTIFY_SOURCE -D_FORTIFY_SOURCE=1      
Linking: gcc   -Wl,-Bsymbolic-functions -Wl,-z,relro -Wl,--as-needed -o vim        -lm -ltinfo -lnsl  -lselinux  -lacl -lattr -lgpm -ldl    -L/usr/lib/python2.7/config-x86_64-linux-gnu -lpython2.7 -lpthread -ldl -lutil -lm -Xlinker -export-dynamic -Wl,-O1 -Wl,-Bsymbolic-functions      
[34m[1miptables version[0m
iptables v1.4.21
[34m[1mcurl version[0m
curl 7.35.0 (x86_64-pc-linux-gnu) libcurl/7.35.0 OpenSSL/1.0.1f zlib/1.2.8 libidn/1.28 librtmp/2.3
[34m[1mwget version[0m
GNU Wget 1.15 built on linux-gnu.
[34m[1mrsync version[0m
rsync  version 3.1.0  protocol version 31
[34m[1mgimme version[0m
v1.2.0
[34m[1mnvm version[0m
0.33.6
[34m[1mperlbrew version[0m
/home/travis/perl5/perlbrew/bin/perlbrew  - App::perlbrew/0.80
[34m[1mphpenv version[0m
rbenv 1.1.1-25-g6aa70b6
[34m[1mrvm version[0m
rvm 1.29.3 (latest) by Michal Papis, Piotr Kuczynski, Wayne E. Seguin [https://rvm.io]
[34m[1mdefault ruby version[0m
ruby 2.4.1p111 (2017-03-22 revision 58053) [x86_64-linux]
[34m[1mCouchDB version[0m
couchdb 1.6.1
[34m[1mElasticSearch version[0m
5.5.0
[34m[1mInstalled Firefox version[0m
firefox 56.0.2
[34m[1mMongoDB version[0m
MongoDB 3.4.10
[34m[1mPhantomJS version[0m
2.1.1
[34m[1mPre-installed PostgreSQL versions[0m
9.2.24
9.3.20
9.4.15
9.5.10
9.6.6
[34m[1mRabbitMQ Version[0m
3.6.14
[34m[1mRedis version[0m
redis-server 4.0.6
[34m[1mriak version[0m
2.2.3
[34m[1mPre-installed Go versions[0m
1.7.4
[34m[1mant version[0m
Apache Ant(TM) version 1.9.3 compiled on April 8 2014
[34m[1mmvn version[0m
Apache Maven 3.5.2 (138edd61fd100ec658bfa2d307c43b76940a5d7d; 2017-10-18T07:58:13Z)
Maven home: /usr/local/maven-3.5.2
Java version: 1.8.0_151, vendor: Oracle Corporation
Java home: /usr/lib/jvm/java-8-oracle/jre
Default locale: en_US, platform encoding: UTF-8
OS name: "linux", version: "4.4.0-101-generic", arch: "amd64", family: "unix"
[34m[1mgradle version[0m

------------------------------------------------------------
Gradle 4.0.1
------------------------------------------------------------

Build time:   2017-07-07 14:02:41 UTC
Revision:     38e5dc0f772daecca1d2681885d3d85414eb6826

Groovy:       2.4.11
Ant:          Apache Ant(TM) version 1.9.6 compiled on June 29 2015
JVM:          1.8.0_151 (Oracle Corporation 25.151-b12)
OS:           Linux 4.4.0-101-generic amd64

[34m[1mlein version[0m
Leiningen 2.8.1 on Java 1.8.0_151 Java HotSpot(TM) 64-Bit Server VM
[34m[1mPre-installed Node.js versions[0m
v4.8.6
v6.12.0
v6.12.1
v8.9
v8.9.1
[34m[1mphpenv versions[0m
  system
  5.6
* 5.6.32 (set by /home/travis/.phpenv/version)
  7.0
  7.0.25
  7.1
  7.1.11
  hhvm
  hhvm-stable
[34m[1mcomposer --version[0m
Composer version 1.5.2 2017-09-11 16:59:25
[34m[1mPre-installed Ruby versions[0m
ruby-2.2.7
ruby-2.3.4
ruby-2.4.1
travis_fold:end:system_info[0K
grep: /etc/apt/sources.list.d/*: No such file or directory
sed: cannot rename /etc/hosts: Device or resource busy
sed: cannot rename /etc/hosts: Device or resource busy
[33;1m3.7-dev is not installed; attempting download[0m
[33;1mDownloading archive: https://s3.amazonaws.com/travis-python-archives/binaries/ubuntu/14.04/x86_64/python-3.7-dev.tar.bz2[0m
$ sudo tar xjf python-3.7-dev.tar.bz2 --directory /
sed: can't read /etc/profile.d/pyenv.sh: No such file or directory
$ cd failed/getslash/slash
travis_time:start:018ef448[0K$ source ~/virtualenv/python3.7-dev/bin/activate

travis_time:end:018ef448:start=1608136924064845326,finish=1608136924080202673,duration=15357347[0K$ python --version
Python 3.7.0a4+
$ pip --version
pip 9.0.1 from /home/travis/virtualenv/python3.7-dev/lib/python3.7/site-packages (python 3.7)
travis_fold:start:install.1[0Ktravis_time:start:05abab0d[0K$ pip install virtualenv==16.0.0
Collecting virtualenv==16.0.0
  Downloading https://files.pythonhosted.org/packages/b6/30/96a02b2287098b23b875bc8c2f58071c35d2efe84f747b64d523721dc2b5/virtualenv-16.0.0-py2.py3-none-any.whl (1.9MB)
Installing collected packages: virtualenv
Successfully installed virtualenv-16.0.0

travis_time:end:05abab0d:start=1608136924448872230,finish=1608136925612037685,duration=1163165455[0Ktravis_fold:end:install.1[0Ktravis_fold:start:install.2[0Ktravis_time:start:021534da[0K$ pip install codecov==2.0.15
Collecting codecov==2.0.15
  Downloading https://files.pythonhosted.org/packages/8b/28/4c1950a61c3c5786f0f34d643d0d28ec832433c9a7c0bd157690d4eb1d5f/codecov-2.0.15-py2.py3-none-any.whl
Collecting coverage (from codecov==2.0.15)
  Downloading https://files.pythonhosted.org/packages/f9/67/cf7584c4fe27083710d3e43ffa26219b1e178a8bf506a762c76baf4937d6/coverage-5.3-cp37-cp37m-manylinux1_x86_64.whl (229kB)
Collecting requests>=2.7.9 (from codecov==2.0.15)
  Downloading https://files.pythonhosted.org/packages/39/fc/f91eac5a39a65f75a7adb58eac7fa78871ea9872283fb9c44e6545998134/requests-2.25.0-py2.py3-none-any.whl (61kB)
Collecting idna<3,>=2.5 (from requests>=2.7.9->codecov==2.0.15)
  Downloading https://files.pythonhosted.org/packages/a2/38/928ddce2273eaa564f6f50de919327bf3a00f091b5baba8dfa9460f3a8a8/idna-2.10-py2.py3-none-any.whl (58kB)
Collecting chardet<4,>=3.0.2 (from requests>=2.7.9->codecov==2.0.15)
  Downloading https://files.pythonhosted.org/packages/bc/a9/01ffebfb562e4274b6487b4bb1ddec7ca55ec7510b22e4c51f14098443b8/chardet-3.0.4-py2.py3-none-any.whl (133kB)
Collecting urllib3<1.27,>=1.21.1 (from requests>=2.7.9->codecov==2.0.15)
  Downloading https://files.pythonhosted.org/packages/f5/71/45d36a8df68f3ebb098d6861b2c017f3d094538c0fb98fa61d4dc43e69b9/urllib3-1.26.2-py2.py3-none-any.whl (136kB)
Collecting certifi>=2017.4.17 (from requests>=2.7.9->codecov==2.0.15)
  Downloading https://files.pythonhosted.org/packages/5e/a0/5f06e1e1d463903cf0c0eebeb751791119ed7a4b3737fdc9a77f1cdfb51f/certifi-2020.12.5-py2.py3-none-any.whl (147kB)
Installing collected packages: coverage, idna, chardet, urllib3, certifi, requests, codecov
Successfully installed certifi-2020.12.5 chardet-3.0.4 codecov-2.0.15 coverage-5.3 idna-2.10 requests-2.25.0 urllib3-1.26.2

travis_time:end:021534da:start=1608136925625256222,finish=1608136928830905245,duration=3205649023[0Ktravis_fold:end:install.2[0Ktravis_time:start:0cb87a6e[0K$ make env
python -m virtualenv .env
Using real prefix '/opt/python/3.7-dev'
New python executable in /home/travis/build/failed/getslash/slash/.env/bin/python
Installing setuptools, pip, wheel...done.
.env/bin/pip install -e .[testing,doc]
Obtaining file:///home/travis/build/failed/getslash/slash
Collecting confetti>=2.4.1
  Downloading confetti-2.5.3.tar.gz (6.5 kB)
Collecting dessert>=1.3.1
  Downloading dessert-1.4.1.tar.gz (33 kB)
Collecting atomicwrites>=1.0
  Downloading atomicwrites-1.4.0-py2.py3-none-any.whl (6.8 kB)
Collecting emport>=1.1.3
  Downloading emport-1.3.1.tar.gz (5.3 kB)
Collecting gossip>=2.3.0
  Downloading gossip-2.4.0.tar.gz (64 kB)
Collecting Logbook>=1.2.0
  Downloading Logbook-1.5.3.tar.gz (85 kB)
Collecting orderedset>=2.0.0
  Downloading orderedset-2.0.3.tar.gz (101 kB)
Collecting py>=1.5.0
  Downloading py-1.10.0-py2.py3-none-any.whl (97 kB)
Collecting pylint~=1.7.0
  Downloading pylint-1.7.6-py2.py3-none-any.whl (640 kB)
Collecting astroid<1.6,>=1.5.1
  Downloading astroid-1.5.3-py2.py3-none-any.whl (269 kB)
Collecting isort>=4.2.5
  Downloading isort-5.6.4-py3-none-any.whl (98 kB)
Collecting requests>=1.1.0
  Using cached requests-2.25.0-py2.py3-none-any.whl (61 kB)
Collecting certifi>=2017.4.17
  Using cached certifi-2020.12.5-py2.py3-none-any.whl (147 kB)
Collecting chardet<4,>=3.0.2
  Using cached chardet-3.0.4-py2.py3-none-any.whl (133 kB)
Collecting idna<3,>=2.5
  Using cached idna-2.10-py2.py3-none-any.whl (58 kB)
Collecting sentinels>=0.0.5
  Downloading sentinels-1.0.0.tar.gz (4.1 kB)
Collecting Sphinx>=1.7.1
  Downloading Sphinx-3.3.1-py3-none-any.whl (2.9 MB)
Requirement already satisfied: setuptools in ./.env/lib/python3.7/site-packages (from Sphinx>=1.7.1->slash==1.7.8.dev3) (51.0.0)
Collecting alabaster
  Downloading alabaster-0.7.12-py2.py3-none-any.whl (14 kB)
Collecting babel>=1.3
  Downloading Babel-2.9.0-py2.py3-none-any.whl (8.8 MB)
Collecting docutils
  Downloading docutils-0.16-py2.py3-none-any.whl (548 kB)
Collecting Jinja2
  Downloading Jinja2-2.11.2-py2.py3-none-any.whl (125 kB)
Collecting MarkupSafe>=0.23
  Downloading MarkupSafe-1.1.1-cp37-cp37m-manylinux1_x86_64.whl (27 kB)
Collecting Pygments>=2.0
  Downloading Pygments-2.7.3-py3-none-any.whl (950 kB)
Collecting pytz>=2015.7
  Downloading pytz-2020.4-py2.py3-none-any.whl (509 kB)
Collecting snowballstemmer>=1.1
  Downloading snowballstemmer-2.0.0-py2.py3-none-any.whl (97 kB)
Collecting urllib3<1.27,>=1.21.1
  Using cached urllib3-1.26.2-py2.py3-none-any.whl (136 kB)
Collecting vintage>=0.4.0
  Downloading vintage-0.4.1.tar.gz (3.9 kB)
Collecting arrow
  Downloading arrow-0.17.0-py2.py3-none-any.whl (50 kB)
Collecting python-dateutil>=2.7.0
  Downloading python_dateutil-2.8.1-py2.py3-none-any.whl (227 kB)
Collecting six
  Downloading six-1.15.0-py2.py3-none-any.whl (10 kB)
Collecting attrs
  Downloading attrs-20.3.0-py2.py3-none-any.whl (49 kB)
Collecting brotli
  Downloading Brotli-1.0.9-cp37-cp37m-manylinux1_x86_64.whl (357 kB)
Collecting colorama
  Downloading colorama-0.4.4-py2.py3-none-any.whl (16 kB)
Collecting coverage
  Using cached coverage-5.3-cp37-cp37m-manylinux1_x86_64.whl (229 kB)
Collecting coveralls
  Downloading coveralls-2.2.0-py2.py3-none-any.whl (13 kB)
Collecting docopt>=0.6.1
  Downloading docopt-0.6.2.tar.gz (25 kB)
Collecting imagesize
  Downloading imagesize-1.2.0-py2.py3-none-any.whl (4.8 kB)
Collecting IPython
  Downloading ipython-7.19.0-py3-none-any.whl (784 kB)
Collecting jedi>=0.10
  Downloading jedi-0.17.2-py2.py3-none-any.whl (1.4 MB)
Collecting parso<0.8.0,>=0.7.0
  Downloading parso-0.7.1-py2.py3-none-any.whl (109 kB)
Collecting pexpect>4.3
  Downloading pexpect-4.8.0-py2.py3-none-any.whl (59 kB)
Collecting prompt-toolkit!=3.0.0,!=3.0.1,<3.1.0,>=2.0.0
  Downloading prompt_toolkit-3.0.8-py3-none-any.whl (355 kB)
Collecting ptyprocess>=0.5
  Downloading ptyprocess-0.6.0-py2.py3-none-any.whl (39 kB)
Collecting traitlets>=4.2
  Downloading traitlets-5.0.5-py3-none-any.whl (100 kB)
Collecting backcall
  Downloading backcall-0.2.0-py2.py3-none-any.whl (11 kB)
Collecting decorator
  Downloading decorator-4.4.2-py2.py3-none-any.whl (9.2 kB)
Collecting ipython-genutils
  Downloading ipython_genutils-0.2.0-py2.py3-none-any.whl (26 kB)
Collecting lazy-object-proxy
  Downloading lazy_object_proxy-1.5.2-cp37-cp37m-manylinux1_x86_64.whl (51 kB)
Collecting libtmux
  Downloading libtmux-0.8.5-py3-none-any.whl (29 kB)
Collecting mccabe
  Downloading mccabe-0.6.1-py2.py3-none-any.whl (8.6 kB)
Collecting munch
  Downloading munch-2.5.0-py2.py3-none-any.whl (10 kB)
Collecting packaging
  Downloading packaging-20.8-py2.py3-none-any.whl (39 kB)
Collecting pyparsing
  Downloading pyparsing-2.4.7-py2.py3-none-any.whl (67 kB)
Collecting pickleshare
  Downloading pickleshare-0.7.5-py2.py3-none-any.whl (6.9 kB)
Collecting pyforge
  Downloading pyforge-1.3.0.tar.gz (20 kB)
Collecting pytest
  Downloading pytest-6.2.1-py3-none-any.whl (279 kB)
Collecting importlib-metadata>=0.12
  Downloading importlib_metadata-3.3.0-py3-none-any.whl (10 kB)
Collecting pluggy<1.0.0a1,>=0.12
  Downloading pluggy-0.13.1-py2.py3-none-any.whl (18 kB)
Collecting typing-extensions>=3.6.4
  Downloading typing_extensions-3.7.4.3-py3-none-any.whl (22 kB)
Collecting zipp>=0.5
  Downloading zipp-3.4.0-py3-none-any.whl (5.2 kB)
Collecting iniconfig
  Downloading iniconfig-1.1.1-py2.py3-none-any.whl (5.0 kB)
Collecting pytest-catchlog
  Downloading pytest_catchlog-1.2.2-py2.py3-none-any.whl (10 kB)
Collecting pytest-cov
  Downloading pytest_cov-2.10.1-py2.py3-none-any.whl (19 kB)
Collecting pytest-timeout
  Downloading pytest_timeout-1.4.2-py2.py3-none-any.whl (10 kB)
Collecting raven
  Downloading raven-6.10.0-py2.py3-none-any.whl (284 kB)
Collecting releases
  Downloading releases-1.6.3-py2.py3-none-any.whl (22 kB)
Collecting semantic-version<2.7
  Downloading semantic_version-2.6.0-py3-none-any.whl (14 kB)
Collecting sphinxcontrib-applehelp
  Downloading sphinxcontrib_applehelp-1.0.2-py2.py3-none-any.whl (121 kB)
Collecting sphinxcontrib-devhelp
  Downloading sphinxcontrib_devhelp-1.0.2-py2.py3-none-any.whl (84 kB)
Collecting sphinxcontrib-htmlhelp
  Downloading sphinxcontrib_htmlhelp-1.0.3-py2.py3-none-any.whl (96 kB)
Collecting sphinxcontrib-jsmath
  Downloading sphinxcontrib_jsmath-1.0.1-py2.py3-none-any.whl (5.1 kB)
Collecting sphinxcontrib-qthelp
  Downloading sphinxcontrib_qthelp-1.0.3-py2.py3-none-any.whl (90 kB)
Collecting sphinxcontrib-serializinghtml
  Downloading sphinxcontrib_serializinghtml-1.1.4-py2.py3-none-any.whl (89 kB)
Collecting SQLAlchemy
  Downloading SQLAlchemy-1.3.20-cp37-cp37m-manylinux2010_x86_64.whl (1.3 MB)
Collecting toml
  Downloading toml-0.10.2-py2.py3-none-any.whl (16 kB)
Collecting wcwidth
  Downloading wcwidth-0.2.5-py2.py3-none-any.whl (30 kB)
Collecting wrapt
  Downloading wrapt-1.12.1.tar.gz (27 kB)
Building wheels for collected packages: confetti, dessert, emport, gossip, Logbook, orderedset, sentinels, vintage, docopt, pyforge, wrapt
  Building wheel for confetti (setup.py): started
  Building wheel for confetti (setup.py): finished with status 'done'
  Created wheel for confetti: filename=confetti-2.5.3-py3-none-any.whl size=7197 sha256=5921c921a8fe38dcc12acc2067819d21ffba994d9e1f876e51e37fcc7acfc563
  Stored in directory: /home/travis/.cache/pip/wheels/51/de/b9/789f1ffe4adce307fb9bd39892140a4210e235f3233d8ce718
  Building wheel for dessert (setup.py): started
  Building wheel for dessert (setup.py): finished with status 'done'
  Created wheel for dessert: filename=dessert-1.4.1-py3-none-any.whl size=22795 sha256=406a00c873288c0cd96020f89d20cfc51ed7ec2248c810779b6a7e123528ac2f
  Stored in directory: /home/travis/.cache/pip/wheels/e0/23/98/a5619ac2875fed327b2c8dd09347c72f50dce2353399716ec7
  Building wheel for emport (setup.py): started
  Building wheel for emport (setup.py): finished with status 'done'
  Created wheel for emport: filename=emport-1.3.1-py3-none-any.whl size=2950 sha256=013285e282b799f90682832081eb88578e5d490b262d2232c8eb9c794def224f
  Stored in directory: /home/travis/.cache/pip/wheels/dd/bd/df/c201db839ea2252d59f0d1757ac4944340caaf6542f9394689
  Building wheel for gossip (setup.py): started
  Building wheel for gossip (setup.py): finished with status 'done'
  Created wheel for gossip: filename=gossip-2.4.0-py3-none-any.whl size=14827 sha256=e55cb8ed4ef12724c8b124f6c2f7fd6c1bfa66671de2a9d575774680a7d9a70a
  Stored in directory: /home/travis/.cache/pip/wheels/2f/8e/34/a228fb99a41805aeed6e950b882e2368803e767200082e9973
  Building wheel for Logbook (setup.py): started
  Building wheel for Logbook (setup.py): finished with status 'done'
  Created wheel for Logbook: filename=Logbook-1.5.3-cp37-cp37m-linux_x86_64.whl size=66380 sha256=a6c70d64611e556b52e4b8f43ba1905c48d0d173ed4e86ec8b52c9b9cf4eddf4
  Stored in directory: /home/travis/.cache/pip/wheels/95/4b/a3/fc9b9d17a06a956767a8dc74058ba64d4306653df2289094cc
  Building wheel for orderedset (setup.py): started
  Building wheel for orderedset (setup.py): finished with status 'done'
  Created wheel for orderedset: filename=orderedset-2.0.3-cp37-cp37m-linux_x86_64.whl size=268598 sha256=1e9272e69186e00ac76c8d6e4420e1de903b3d5f99cc9dc8e2bae92fbdbc79a6
  Stored in directory: /home/travis/.cache/pip/wheels/eb/9c/6a/ecfe7f54e9abe9dfc33d58f593851b684a9bb3ee2fc076a90e
  Building wheel for sentinels (setup.py): started
  Building wheel for sentinels (setup.py): finished with status 'done'
  Created wheel for sentinels: filename=sentinels-1.0.0-py3-none-any.whl size=3186 sha256=162bdfce712a80c4dc4fd46d6920a6e6dfa9984adbac26ee8d1388e8a5f16dd2
  Stored in directory: /home/travis/.cache/pip/wheels/24/4b/6f/cceb54c29f42b50b5d11b8196eab1de6707c5742beac65f52b
  Building wheel for vintage (setup.py): started
  Building wheel for vintage (setup.py): finished with status 'done'
  Created wheel for vintage: filename=vintage-0.4.1-py3-none-any.whl size=2828 sha256=e341fb2226c68cc6f661c6e4a3b2c74a43fab339fdca2239f34643b49405e518
  Stored in directory: /home/travis/.cache/pip/wheels/ec/85/72/0994bb0f760c079b9702781d8e1de146fe9b6e3931d124d189
  Building wheel for docopt (setup.py): started
  Building wheel for docopt (setup.py): finished with status 'done'
  Created wheel for docopt: filename=docopt-0.6.2-py2.py3-none-any.whl size=13705 sha256=c6461d8c648b54ce3d4f440001ecb25b56d44010ad34f5dc08cb9620e9befc98
  Stored in directory: /home/travis/.cache/pip/wheels/72/b0/3f/1d95f96ff986c7dfffe46ce2be4062f38ebd04b506c77c81b9
  Building wheel for pyforge (setup.py): started
  Building wheel for pyforge (setup.py): finished with status 'done'
  Created wheel for pyforge: filename=pyforge-1.3.0-py3-none-any.whl size=23216 sha256=824a50d8b8789d8d323cdd971ba0dfc4dadb0545267a23f1bfc03e9b8a2e223f
  Stored in directory: /home/travis/.cache/pip/wheels/d6/e1/85/f4b3b3bc118fe8fe52e5f19b381307ce92dfe03113aa2be866
  Building wheel for wrapt (setup.py): started
  Building wheel for wrapt (setup.py): finished with status 'done'
  Created wheel for wrapt: filename=wrapt-1.12.1-cp37-cp37m-linux_x86_64.whl size=66959 sha256=baeefe4b208503b2d5cdc4e332a82c55ef135994147b027f177a26cca4d5ea28
  Stored in directory: /home/travis/.cache/pip/wheels/62/76/4c/aa25851149f3f6d9785f6c869387ad82b3fd37582fa8147ac6
Successfully built confetti dessert emport gossip Logbook orderedset sentinels vintage docopt pyforge wrapt
Installing collected packages: zipp, typing-extensions, wcwidth, urllib3, six, pytz, pyparsing, ptyprocess, parso, MarkupSafe, ipython-genutils, importlib-metadata, idna, chardet, certifi, wrapt, vintage, traitlets, toml, sphinxcontrib-serializinghtml, sphinxcontrib-qthelp, sphinxcontrib-jsmath, sphinxcontrib-htmlhelp, sphinxcontrib-devhelp, sphinxcontrib-applehelp, snowballstemmer, sentinels, requests, python-dateutil, Pygments, py, prompt-toolkit, pluggy, pickleshare, pexpect, packaging, munch, Logbook, lazy-object-proxy, Jinja2, jedi, iniconfig, imagesize, docutils, decorator, backcall, babel, attrs, atomicwrites, alabaster, SQLAlchemy, Sphinx, semantic-version, raven, pytest, orderedset, mccabe, libtmux, isort, IPython, gossip, emport, docopt, dessert, coverage, confetti, colorama, brotli, astroid, arrow, slash, releases, pytest-timeout, pytest-cov, pytest-catchlog, pylint, pyforge, coveralls
  Running setup.py develop for slash
Successfully installed IPython-7.19.0 Jinja2-2.11.2 Logbook-1.5.3 MarkupSafe-1.1.1 Pygments-2.7.3 SQLAlchemy-1.3.20 Sphinx-3.3.1 alabaster-0.7.12 arrow-0.17.0 astroid-1.5.3 atomicwrites-1.4.0 attrs-20.3.0 babel-2.9.0 backcall-0.2.0 brotli-1.0.9 certifi-2020.12.5 chardet-3.0.4 colorama-0.4.4 confetti-2.5.3 coverage-5.3 coveralls-2.2.0 decorator-4.4.2 dessert-1.4.1 docopt-0.6.2 docutils-0.16 emport-1.3.1 gossip-2.4.0 idna-2.10 imagesize-1.2.0 importlib-metadata-3.3.0 iniconfig-1.1.1 ipython-genutils-0.2.0 isort-5.6.4 jedi-0.17.2 lazy-object-proxy-1.5.2 libtmux-0.8.5 mccabe-0.6.1 munch-2.5.0 orderedset-2.0.3 packaging-20.8 parso-0.7.1 pexpect-4.8.0 pickleshare-0.7.5 pluggy-0.13.1 prompt-toolkit-3.0.8 ptyprocess-0.6.0 py-1.10.0 pyforge-1.3.0 pylint-1.7.6 pyparsing-2.4.7 pytest-6.2.1 pytest-catchlog-1.2.2 pytest-cov-2.10.1 pytest-timeout-1.4.2 python-dateutil-2.8.1 pytz-2020.4 raven-6.10.0 releases-1.6.3 requests-2.25.0 semantic-version-2.6.0 sentinels-1.0.0 six-1.15.0 slash snowballstemmer-2.0.0 sphinxcontrib-applehelp-1.0.2 sphinxcontrib-devhelp-1.0.2 sphinxcontrib-htmlhelp-1.0.3 sphinxcontrib-jsmath-1.0.1 sphinxcontrib-qthelp-1.0.3 sphinxcontrib-serializinghtml-1.1.4 toml-0.10.2 traitlets-5.0.5 typing-extensions-3.7.4.3 urllib3-1.26.2 vintage-0.4.1 wcwidth-0.2.5 wrapt-1.12.1 zipp-3.4.0
touch .env/.up-to-date

travis_time:end:0cb87a6e:start=1608136928842499079,finish=1608136979371840032,duration=50529340953[0K
[32;1mThe command "make env" exited with 0.[0m
travis_time:start:1c69e9cf[0K$ if [[ $TRAVIS_PYLINT != 'true' ]]; then make test; else make pylint; fi
.env/bin/py.test --cov=slash --cov-report=html tests
============================= test session starts ==============================
platform linux -- Python 3.7.0a4+, pytest-6.2.1, py-1.10.0, pluggy-0.13.1
rootdir: /home/travis/build/failed/getslash/slash, configfile: pytest.ini
plugins: timeout-1.4.2, cov-2.10.1, catchlog-1.2.2
collected 1692 items

tests/test_add_error.py ........................F.F.F.F.FFFF             [  2%]
tests/test_app_context.py ..                                             [  2%]
tests/test_assertions.py .....................                           [  3%]
tests/test_autouse_fixtures.py ....................                      [  4%]
tests/test_cleanup_manager.py .....                                      [  4%]
tests/test_cleanups.py ................................................. [  7%]
..........................                                               [  9%]
tests/test_cli_environment.py .......................                    [ 10%]
tests/test_cli_utils.py ......                                           [ 11%]
tests/test_color_strings.py ........                                     [ 11%]
tests/test_console_log_truncation.py ..                                  [ 11%]
tests/test_console_reporter.py ........................                  [ 13%]
tests/test_context.py ........................                           [ 14%]
tests/test_coverage_plugin.py .......                                    [ 14%]
tests/test_cyclic_fixture_detection.py ........                          [ 15%]
tests/test_debugging.py ............                                     [ 16%]
tests/test_doctests.py ..........................                        [ 17%]
tests/test_error_object.py .........................                     [ 19%]
tests/test_error_object_stack_trace.py ........                          [ 19%]
tests/test_exception_attributes.py ..                                    [ 19%]
tests/test_exception_handling.py .........s......................        [ 21%]
tests/test_exception_marks.py ...                                        [ 21%]
tests/test_ext_hook.py ...                                               [ 21%]
tests/test_factory_information.py ............                           [ 22%]
tests/test_facts.py ....                                                 [ 22%]
tests/test_failures.py .................                                 [ 23%]
tests/test_fixture_annotations.py ................................       [ 25%]
tests/test_fixture_exceptions.py ................                        [ 26%]
tests/test_fixture_exclusion.py ..........                               [ 27%]
tests/test_fixture_features.py ............                              [ 28%]
tests/test_fixture_mechanism.py .....................................    [ 30%]
tests/test_fixture_namespaces.py ..                                      [ 30%]
tests/test_fixture_resolution.py ...                                     [ 30%]
tests/test_fixture_scoping.py ......                                     [ 30%]
tests/test_fixture_start_end_test.py ........                            [ 31%]
tests/test_fixture_string_representation.py ....                         [ 31%]
tests/test_fixture_test_addresses.py ....                                [ 31%]
tests/test_fixtures.py ................................................. [ 34%]
                                                                         [ 34%]
tests/test_formatter.py ..........                                       [ 35%]
tests/test_function_marker.py .........                                  [ 35%]
tests/test_generator_fixture.py .........                                [ 36%]
tests/test_global_storage.py .                                           [ 36%]
tests/test_globals.py .....                                              [ 36%]
tests/test_hook_calling.py ............................................. [ 39%]
..                                                                       [ 39%]
tests/test_hook_errors.py .....                                          [ 39%]
tests/test_hooks.py .....                                                [ 40%]
tests/test_id_space.py .                                                 [ 40%]
tests/test_interactive.py ....                                           [ 40%]
tests/test_interruptions.py .........................                    [ 41%]
tests/test_invalid_test_detection.py ....                                [ 42%]
tests/test_iteration.py ........                                         [ 42%]
tests/test_list_config.py ..                                             [ 42%]
tests/test_list_plugins.py ..                                            [ 42%]
tests/test_loader.py .........................                           [ 44%]
tests/test_local_config.py ...                                           [ 44%]
tests/test_logging.py .................................................. [ 47%]
.....................................................................    [ 51%]
tests/test_nofixtures.py ..                                              [ 51%]
tests/test_object_marker.py ............................................ [ 54%]
......................                                                   [ 55%]
tests/test_parallel.py ....................................              [ 57%]
tests/test_parametrization_labels.py ...............                     [ 58%]
tests/test_parametrization_ordering.py ..                                [ 58%]
tests/test_pattern_matching.py .......                                   [ 59%]
tests/test_plugin_activation.py ...................                      [ 60%]
tests/test_plugin_commandline.py ..                                      [ 60%]
tests/test_plugin_config.py .                                            [ 60%]
tests/test_plugin_dependency.py ................                         [ 61%]
tests/test_plugin_discovery.py .                                         [ 61%]
tests/test_plugin_errors.py ..........                                   [ 61%]
tests/test_plugin_parallel.py ..............                             [ 62%]
tests/test_plugins.py ......................                             [ 64%]
tests/test_preliminary_errors.py ...                                     [ 64%]
tests/test_project_customization.py ....................                 [ 65%]
tests/test_python_utils.py .                                             [ 65%]
tests/test_repeat.py ..................                                  [ 66%]
tests/test_reporters.py ......                                           [ 66%]
tests/test_requirements.py ............................................. [ 69%]
................................................                         [ 72%]
tests/test_result.py ................................................... [ 75%]
..                                                                       [ 75%]
tests/test_result_details.py ............                                [ 76%]
tests/test_retained_logs_handler.py ..                                   [ 76%]
tests/test_running.py .................................................. [ 79%]
.........                                                                [ 79%]
tests/test_running_ad_hoc_tests.py ..                                    [ 80%]
tests/test_scope_manager.py ..                                           [ 80%]
tests/test_scoped_cleanups.py ......                                     [ 80%]
tests/test_site_customization.py ......                                  [ 80%]
tests/test_skips.py .......                                              [ 81%]
tests/test_slash_list.py ........................                        [ 82%]
tests/test_slash_resume.py .........                                     [ 83%]
tests/test_slash_run.py .................                                [ 84%]
tests/test_suite_files.py ................................               [ 86%]
tests/test_suite_writer.py ...                                           [ 86%]
tests/test_suite_writer_factories.py .                                   [ 86%]
tests/test_suite_writer_fixtures.py ....                                 [ 86%]
tests/test_suite_writer_negative.py ..                                   [ 86%]
tests/test_suite_writer_running.py ....                                  [ 86%]
tests/test_tagging.py .............................................      [ 89%]
tests/test_terminal_writer_wrapper.py ...                                [ 89%]
tests/test_test.py ......                                                [ 90%]
tests/test_test_loading.py ....                                          [ 90%]
tests/test_test_metadata.py ........................................     [ 92%]
tests/test_test_parameters.py .............                              [ 93%]
tests/test_traceback_utils.py .........                                  [ 94%]
tests/test_unified_session_log.py ............                           [ 94%]
tests/test_ut_utils.py ....                                              [ 94%]
tests/test_utils.py ..                                                   [ 95%]
tests/test_variation_info.py .........                                   [ 95%]
tests/test_warning_capture.py .....                                      [ 95%]
tests/test_warning_ignored.py ....                                       [ 96%]
tests/test_warnings.py ..........                                        [ 96%]
tests/test_xunit_plugin.py ............................................. [ 99%]
....                                                                     [ 99%]
tests/test_yield_fixture.py ......                                       [100%]

=================================== FAILURES ===================================
___________ test_add_error_log_traceback_variables[method-True-True] ___________

suite = <tests.utils.suite_writer.suite.Suite object at 0x149bca1e3630>
suite_test = <MethodTest 00411>, log_variables = True
config_override = <function config_override.<locals>._override at 0x149bca1cfc80>
tmpdir = local('/tmp/pytest-of-travis/pytest-0/test_add_error_log_traceback_v0')

    @pytest.mark.parametrize('log_variables', [True, False])
    def test_add_error_log_traceback_variables(suite, suite_test, log_variables, config_override, tmpdir):
        config_override('log.core_log_level', logbook.TRACE)
        config_override('log.traceback_variables', log_variables)
        config_override('log.root', str(tmpdir.join('logs')))
    
        @suite_test.prepend_body
        def __code__():          # pylint: disable=unused-variable
            # to avoid the line itself from being detected
            x_variable = 'x' * 3 # pylint: disable=unused-variable
            class Object(object):
    
                def __init__(self):
                    self.property_value = 'yyy'
    
            self = Object() # pylint: disable=unused-variable
    
        suite_test.when_run.error()
>       res = suite.run()

tests/test_add_error.py:96: 
_ _ _ _ _ _ _ _ _ _ _ _ _ _ _ _ _ _ _ _ _ _ _ _ _ _ _ _ _ _ _ _ _ _ _ _ _ _ _ _ 
tests/utils/suite_writer/suite.py:157: in run
    validate_run(self, returned, expect_interruption=expect_interruption, expect_session_errors=expect_session_errors)
_ _ _ _ _ _ _ _ _ _ _ _ _ _ _ _ _ _ _ _ _ _ _ _ _ _ _ _ _ _ _ _ _ _ _ _ _ _ _ _ 

suite = <tests.utils.suite_writer.suite.Suite object at 0x149bca1e3630>
run_result = <Summary (<Results: 11 successful, 0 errors, 0 failures, 0 skips>)>
expect_interruption = False, expect_session_errors = False

    def validate_run(suite, run_result, expect_interruption, expect_session_errors):
        if expect_interruption or not run_result.session.results.is_success(allow_skips=True):
            assert run_result.exit_code != 0, '`slash run` unexpectedly returned 0'
        else:
            assert run_result.exit_code == 0, '`slash run` unexpectedly returned {}. Output: {}'.format(
>               run_result.exit_code, run_result.get_console_output())
E           AssertionError: `slash run` unexpectedly returned -1. Output: 11 tests collected   
E           /tmp/tmpo5uquh5a/test_00396.py .........  PASS
E           /tmp/tmpo5uquh5a/test_00408.py .[2020-12-16 16:43:12] Failed to add error to result
E           Traceback (most recent call last):
E             File "/home/travis/build/failed/getslash/slash/slash/core/test.py", line 121, in run
E               result = _call_with_fixtures(method, trigger_test_start=True)
E             File "/home/travis/build/failed/getslash/slash/slash/core/fixtures/fixture_store.py", line 69, in call_with_fixtures
E               returned = test_func(**kwargs)
E             File "/tmp/tmpo5uquh5a/test_00408.py", line 19, in test_00411
E               raise Exception("Test exception")
E           Exception: Test exception
E           
E           During handling of the above exception, another exception occurred:
E           
E           Traceback (most recent call last):
E             File "/home/travis/build/failed/getslash/slash/slash/core/result.py", line 232, in _add_error
E               error.log_added()
E             File "/home/travis/build/failed/getslash/slash/slash/core/error.py", line 62, in log_added
E               tb = self.traceback.to_string(include_vars=config.root.log.traceback_variables)
E             File "/home/travis/build/failed/getslash/slash/slash/utils/traceback_utils.py", line 142, in to_string
E               return '\n'.join(frame.to_string(include_vars=include_vars) for frame in self.frames)
E             File "/home/travis/build/failed/getslash/slash/slash/utils/traceback_utils.py", line 142, in <genexpr>
E               return '\n'.join(frame.to_string(include_vars=include_vars) for frame in self.frames)
E             File "/home/travis/build/failed/getslash/slash/slash/utils/traceback_utils.py", line 227, in to_string
E               for name, value in _unwrap_self_locals(self.python_frame.f_locals.items(), self._repr_blacklisted_types):
E             File "/home/travis/build/failed/getslash/slash/slash/utils/traceback_utils.py", line 239, in _unwrap_self_locals
E               yield 'self.{}'.format(attr_name), attr_value
E           NameError: name 'attr_name' is not defined
E           [2020-12-16 16:43:12] Failed to add error to result
E           Traceback (most recent call last):
E             File "/home/travis/build/failed/getslash/slash/slash/core/test.py", line 121, in run
E               result = _call_with_fixtures(method, trigger_test_start=True)
E             File "/home/travis/build/failed/getslash/slash/slash/core/fixtures/fixture_store.py", line 69, in call_with_fixtures
E               returned = test_func(**kwargs)
E             File "/tmp/tmpo5uquh5a/test_00408.py", line 19, in test_00411
E               raise Exception("Test exception")
E           Exception: Test exception
E           
E           During handling of the above exception, another exception occurred:
E           
E           Traceback (most recent call last):
E             File "/home/travis/build/failed/getslash/slash/slash/runner.py", line 114, in _run_single_test
E               test.run()
E             File "/home/travis/build/failed/getslash/slash/slash/core/test.py", line 121, in run
E               result = _call_with_fixtures(method, trigger_test_start=True)
E             File "/home/travis/build/failed/getslash/slash/slash/exception_handling.py", line 130, in __exit__
E               handle_exception(exc_info, **self._kwargs)
E             File "/home/travis/build/failed/getslash/slash/slash/exception_handling.py", line 163, in handle_exception
E               handler(exc_info)
E             File "/home/travis/build/failed/getslash/slash/slash/exception_handling.py", line 32, in update_current_result
E               current_result.add_exception(exc_info)
E             File "/home/travis/build/failed/getslash/slash/slash/core/result.py", line 113, in add_exception
E               self.add_error(exc_info=exc_info)
E             File "/home/travis/build/failed/getslash/slash/slash/core/result.py", line 205, in add_error
E               err = self._add_error(self._errors, e, frame_correction=frame_correction + 1, exc_info=exc_info, append=append)
E             File "/home/travis/build/failed/getslash/slash/slash/core/result.py", line 232, in _add_error
E               error.log_added()
E             File "/home/travis/build/failed/getslash/slash/slash/core/error.py", line 62, in log_added
E               tb = self.traceback.to_string(include_vars=config.root.log.traceback_variables)
E             File "/home/travis/build/failed/getslash/slash/slash/utils/traceback_utils.py", line 142, in to_string
E               return '\n'.join(frame.to_string(include_vars=include_vars) for frame in self.frames)
E             File "/home/travis/build/failed/getslash/slash/slash/utils/traceback_utils.py", line 142, in <genexpr>
E               return '\n'.join(frame.to_string(include_vars=include_vars) for frame in self.frames)
E             File "/home/travis/build/failed/getslash/slash/slash/utils/traceback_utils.py", line 227, in to_string
E               for name, value in _unwrap_self_locals(self.python_frame.f_locals.items(), self._repr_blacklisted_types):
E             File "/home/travis/build/failed/getslash/slash/slash/utils/traceback_utils.py", line 239, in _unwrap_self_locals
E               yield 'self.{}'.format(attr_name), attr_value
E           NameError: name 'attr_name' is not defined
E           
E           During handling of the above exception, another exception occurred:
E           
E           Traceback (most recent call last):
E             File "/home/travis/build/failed/getslash/slash/slash/core/result.py", line 232, in _add_error
E               error.log_added()
E             File "/home/travis/build/failed/getslash/slash/slash/core/error.py", line 62, in log_added
E               tb = self.traceback.to_string(include_vars=config.root.log.traceback_variables)
E             File "/home/travis/build/failed/getslash/slash/slash/utils/traceback_utils.py", line 142, in to_string
E               return '\n'.join(frame.to_string(include_vars=include_vars) for frame in self.frames)
E             File "/home/travis/build/failed/getslash/slash/slash/utils/traceback_utils.py", line 142, in <genexpr>
E               return '\n'.join(frame.to_string(include_vars=include_vars) for frame in self.frames)
E             File "/home/travis/build/failed/getslash/slash/slash/utils/traceback_utils.py", line 227, in to_string
E               for name, value in _unwrap_self_locals(self.python_frame.f_locals.items(), self._repr_blacklisted_types):
E             File "/home/travis/build/failed/getslash/slash/slash/utils/traceback_utils.py", line 239, in _unwrap_self_locals
E               yield 'self.{}'.format(attr_name), attr_value
E           NameError: name 'attr_name' is not defined
E           [2020-12-16 16:43:12] Failed to add error to result
E           Traceback (most recent call last):
E             File "/home/travis/build/failed/getslash/slash/slash/core/test.py", line 121, in run
E               result = _call_with_fixtures(method, trigger_test_start=True)
E             File "/home/travis/build/failed/getslash/slash/slash/core/fixtures/fixture_store.py", line 69, in call_with_fixtures
E               returned = test_func(**kwargs)
E             File "/tmp/tmpo5uquh5a/test_00408.py", line 19, in test_00411
E               raise Exception("Test exception")
E           Exception: Test exception
E           
E           During handling of the above exception, another exception occurred:
E           
E           Traceback (most recent call last):
E             File "/home/travis/build/failed/getslash/slash/slash/runner.py", line 114, in _run_single_test
E               test.run()
E             File "/home/travis/build/failed/getslash/slash/slash/core/test.py", line 121, in run
E               result = _call_with_fixtures(method, trigger_test_start=True)
E             File "/home/travis/build/failed/getslash/slash/slash/exception_handling.py", line 130, in __exit__
E               handle_exception(exc_info, **self._kwargs)
E             File "/home/travis/build/failed/getslash/slash/slash/exception_handling.py", line 163, in handle_exception
E               handler(exc_info)
E             File "/home/travis/build/failed/getslash/slash/slash/exception_handling.py", line 32, in update_current_result
E               current_result.add_exception(exc_info)
E             File "/home/travis/build/failed/getslash/slash/slash/core/result.py", line 113, in add_exception
E               self.add_error(exc_info=exc_info)
E             File "/home/travis/build/failed/getslash/slash/slash/core/result.py", line 205, in add_error
E               err = self._add_error(self._errors, e, frame_correction=frame_correction + 1, exc_info=exc_info, append=append)
E             File "/home/travis/build/failed/getslash/slash/slash/core/result.py", line 232, in _add_error
E               error.log_added()
E             File "/home/travis/build/failed/getslash/slash/slash/core/error.py", line 62, in log_added
E               tb = self.traceback.to_string(include_vars=config.root.log.traceback_variables)
E             File "/home/travis/build/failed/getslash/slash/slash/utils/traceback_utils.py", line 142, in to_string
E               return '\n'.join(frame.to_string(include_vars=include_vars) for frame in self.frames)
E             File "/home/travis/build/failed/getslash/slash/slash/utils/traceback_utils.py", line 142, in <genexpr>
E               return '\n'.join(frame.to_string(include_vars=include_vars) for frame in self.frames)
E             File "/home/travis/build/failed/getslash/slash/slash/utils/traceback_utils.py", line 227, in to_string
E               for name, value in _unwrap_self_locals(self.python_frame.f_locals.items(), self._repr_blacklisted_types):
E             File "/home/travis/build/failed/getslash/slash/slash/utils/traceback_utils.py", line 239, in _unwrap_self_locals
E               yield 'self.{}'.format(attr_name), attr_value
E           NameError: name 'attr_name' is not defined
E           
E           During handling of the above exception, another exception occurred:
E           
E           Traceback (most recent call last):
E             File "/home/travis/build/failed/getslash/slash/slash/runner.py", line 114, in _run_single_test
E               test.run()
E             File "/home/travis/build/failed/getslash/slash/slash/exception_handling.py", line 130, in __exit__
E               handle_exception(exc_info, **self._kwargs)
E             File "/home/travis/build/failed/getslash/slash/slash/exception_handling.py", line 163, in handle_exception
E               handler(exc_info)
E             File "/home/travis/build/failed/getslash/slash/slash/exception_handling.py", line 32, in update_current_result
E               current_result.add_exception(exc_info)
E             File "/home/travis/build/failed/getslash/slash/slash/core/result.py", line 113, in add_exception
E               self.add_error(exc_info=exc_info)
E             File "/home/travis/build/failed/getslash/slash/slash/core/result.py", line 205, in add_error
E               err = self._add_error(self._errors, e, frame_correction=frame_correction + 1, exc_info=exc_info, append=append)
E             File "/home/travis/build/failed/getslash/slash/slash/core/result.py", line 232, in _add_error
E               error.log_added()
E             File "/home/travis/build/failed/getslash/slash/slash/core/error.py", line 62, in log_added
E               tb = self.traceback.to_string(include_vars=config.root.log.traceback_variables)
E             File "/home/travis/build/failed/getslash/slash/slash/utils/traceback_utils.py", line 142, in to_string
E               return '\n'.join(frame.to_string(include_vars=include_vars) for frame in self.frames)
E             File "/home/travis/build/failed/getslash/slash/slash/utils/traceback_utils.py", line 142, in <genexpr>
E               return '\n'.join(frame.to_string(include_vars=include_vars) for frame in self.frames)
E             File "/home/travis/build/failed/getslash/slash/slash/utils/traceback_utils.py", line 227, in to_string
E               for name, value in _unwrap_self_locals(self.python_frame.f_locals.items(), self._repr_blacklisted_types):
E             File "/home/travis/build/failed/getslash/slash/slash/utils/traceback_utils.py", line 239, in _unwrap_self_locals
E               yield 'self.{}'.format(attr_name), attr_value
E           NameError: name 'attr_name' is not defined
E           
E           During handling of the above exception, another exception occurred:
E           
E           Traceback (most recent call last):
E             File "/home/travis/build/failed/getslash/slash/slash/core/result.py", line 232, in _add_error
E               error.log_added()
E             File "/home/travis/build/failed/getslash/slash/slash/core/error.py", line 62, in log_added
E               tb = self.traceback.to_string(include_vars=config.root.log.traceback_variables)
E             File "/home/travis/build/failed/getslash/slash/slash/utils/traceback_utils.py", line 142, in to_string
E               return '\n'.join(frame.to_string(include_vars=include_vars) for frame in self.frames)
E             File "/home/travis/build/failed/getslash/slash/slash/utils/traceback_utils.py", line 142, in <genexpr>
E               return '\n'.join(frame.to_string(include_vars=include_vars) for frame in self.frames)
E             File "/home/travis/build/failed/getslash/slash/slash/utils/traceback_utils.py", line 227, in to_string
E               for name, value in _unwrap_self_locals(self.python_frame.f_locals.items(), self._repr_blacklisted_types):
E             File "/home/travis/build/failed/getslash/slash/slash/utils/traceback_utils.py", line 239, in _unwrap_self_locals
E               yield 'self.{}'.format(attr_name), attr_value
E           NameError: name 'attr_name' is not defined
E           [2020-12-16 16:43:12] Failed to add error to result
E           Traceback (most recent call last):
E             File "/home/travis/build/failed/getslash/slash/slash/core/test.py", line 121, in run
E               result = _call_with_fixtures(method, trigger_test_start=True)
E             File "/home/travis/build/failed/getslash/slash/slash/core/fixtures/fixture_store.py", line 69, in call_with_fixtures
E               returned = test_func(**kwargs)
E             File "/tmp/tmpo5uquh5a/test_00408.py", line 19, in test_00411
E               raise Exception("Test exception")
E           Exception: Test exception
E           
E           During handling of the above exception, another exception occurred:
E           
E           Traceback (most recent call last):
E             File "/home/travis/build/failed/getslash/slash/slash/runner.py", line 114, in _run_single_test
E               test.run()
E             File "/home/travis/build/failed/getslash/slash/slash/core/test.py", line 121, in run
E               result = _call_with_fixtures(method, trigger_test_start=True)
E             File "/home/travis/build/failed/getslash/slash/slash/exception_handling.py", line 130, in __exit__
E               handle_exception(exc_info, **self._kwargs)
E             File "/home/travis/build/failed/getslash/slash/slash/exception_handling.py", line 163, in handle_exception
E               handler(exc_info)
E             File "/home/travis/build/failed/getslash/slash/slash/exception_handling.py", line 32, in update_current_result
E               current_result.add_exception(exc_info)
E             File "/home/travis/build/failed/getslash/slash/slash/core/result.py", line 113, in add_exception
E               self.add_error(exc_info=exc_info)
E             File "/home/travis/build/failed/getslash/slash/slash/core/result.py", line 205, in add_error
E               err = self._add_error(self._errors, e, frame_correction=frame_correction + 1, exc_info=exc_info, append=append)
E             File "/home/travis/build/failed/getslash/slash/slash/core/result.py", line 232, in _add_error
E               error.log_added()
E             File "/home/travis/build/failed/getslash/slash/slash/core/error.py", line 62, in log_added
E               tb = self.traceback.to_string(include_vars=config.root.log.traceback_variables)
E             File "/home/travis/build/failed/getslash/slash/slash/utils/traceback_utils.py", line 142, in to_string
E               return '\n'.join(frame.to_string(include_vars=include_vars) for frame in self.frames)
E             File "/home/travis/build/failed/getslash/slash/slash/utils/traceback_utils.py", line 142, in <genexpr>
E               return '\n'.join(frame.to_string(include_vars=include_vars) for frame in self.frames)
E             File "/home/travis/build/failed/getslash/slash/slash/utils/traceback_utils.py", line 227, in to_string
E               for name, value in _unwrap_self_locals(self.python_frame.f_locals.items(), self._repr_blacklisted_types):
E             File "/home/travis/build/failed/getslash/slash/slash/utils/traceback_utils.py", line 239, in _unwrap_self_locals
E               yield 'self.{}'.format(attr_name), attr_value
E           NameError: name 'attr_name' is not defined
E           
E           During handling of the above exception, another exception occurred:
E           
E           Traceback (most recent call last):
E             File "/home/travis/build/failed/getslash/slash/slash/runner.py", line 114, in _run_single_test
E               test.run()
E             File "/home/travis/build/failed/getslash/slash/slash/exception_handling.py", line 130, in __exit__
E               handle_exception(exc_info, **self._kwargs)
E             File "/home/travis/build/failed/getslash/slash/slash/exception_handling.py", line 163, in handle_exception
E               handler(exc_info)
E             File "/home/travis/build/failed/getslash/slash/slash/exception_handling.py", line 32, in update_current_result
E               current_result.add_exception(exc_info)
E             File "/home/travis/build/failed/getslash/slash/slash/core/result.py", line 113, in add_exception
E               self.add_error(exc_info=exc_info)
E             File "/home/travis/build/failed/getslash/slash/slash/core/result.py", line 205, in add_error
E               err = self._add_error(self._errors, e, frame_correction=frame_correction + 1, exc_info=exc_info, append=append)
E             File "/home/travis/build/failed/getslash/slash/slash/core/result.py", line 232, in _add_error
E               error.log_added()
E             File "/home/travis/build/failed/getslash/slash/slash/core/error.py", line 62, in log_added
E               tb = self.traceback.to_string(include_vars=config.root.log.traceback_variables)
E             File "/home/travis/build/failed/getslash/slash/slash/utils/traceback_utils.py", line 142, in to_string
E               return '\n'.join(frame.to_string(include_vars=include_vars) for frame in self.frames)
E             File "/home/travis/build/failed/getslash/slash/slash/utils/traceback_utils.py", line 142, in <genexpr>
E               return '\n'.join(frame.to_string(include_vars=include_vars) for frame in self.frames)
E             File "/home/travis/build/failed/getslash/slash/slash/utils/traceback_utils.py", line 227, in to_string
E               for name, value in _unwrap_self_locals(self.python_frame.f_locals.items(), self._repr_blacklisted_types):
E             File "/home/travis/build/failed/getslash/slash/slash/utils/traceback_utils.py", line 239, in _unwrap_self_locals
E               yield 'self.{}'.format(attr_name), attr_value
E           NameError: name 'attr_name' is not defined
E           
E           During handling of the above exception, another exception occurred:
E           
E           Traceback (most recent call last):
E             File "/home/travis/build/failed/getslash/slash/slash/runner.py", line 116, in _run_single_test
E               context.session.scope_manager.end_test(test)
E             File "/home/travis/build/failed/getslash/slash/slash/exception_handling.py", line 130, in __exit__
E               handle_exception(exc_info, **self._kwargs)
E             File "/home/travis/build/failed/getslash/slash/slash/exception_handling.py", line 163, in handle_exception
E               handler(exc_info)
E             File "/home/travis/build/failed/getslash/slash/slash/exception_handling.py", line 32, in update_current_result
E               current_result.add_exception(exc_info)
E             File "/home/travis/build/failed/getslash/slash/slash/core/result.py", line 113, in add_exception
E               self.add_error(exc_info=exc_info)
E             File "/home/travis/build/failed/getslash/slash/slash/core/result.py", line 205, in add_error
E               err = self._add_error(self._errors, e, frame_correction=frame_correction + 1, exc_info=exc_info, append=append)
E             File "/home/travis/build/failed/getslash/slash/slash/core/result.py", line 232, in _add_error
E               error.log_added()
E             File "/home/travis/build/failed/getslash/slash/slash/core/error.py", line 62, in log_added
E               tb = self.traceback.to_string(include_vars=config.root.log.traceback_variables)
E             File "/home/travis/build/failed/getslash/slash/slash/utils/traceback_utils.py", line 142, in to_string
E               return '\n'.join(frame.to_string(include_vars=include_vars) for frame in self.frames)
E             File "/home/travis/build/failed/getslash/slash/slash/utils/traceback_utils.py", line 142, in <genexpr>
E               return '\n'.join(frame.to_string(include_vars=include_vars) for frame in self.frames)
E             File "/home/travis/build/failed/getslash/slash/slash/utils/traceback_utils.py", line 227, in to_string
E               for name, value in _unwrap_self_locals(self.python_frame.f_locals.items(), self._repr_blacklisted_types):
E             File "/home/travis/build/failed/getslash/slash/slash/utils/traceback_utils.py", line 239, in _unwrap_self_locals
E               yield 'self.{}'.format(attr_name), attr_value
E           NameError: name 'attr_name' is not defined
E           
E           During handling of the above exception, another exception occurred:
E           
E           Traceback (most recent call last):
E             File "/home/travis/build/failed/getslash/slash/slash/core/result.py", line 232, in _add_error
E               error.log_added()
E             File "/home/travis/build/failed/getslash/slash/slash/core/error.py", line 62, in log_added
E               tb = self.traceback.to_string(include_vars=config.root.log.traceback_variables)
E             File "/home/travis/build/failed/getslash/slash/slash/utils/traceback_utils.py", line 142, in to_string
E               return '\n'.join(frame.to_string(include_vars=include_vars) for frame in self.frames)
E             File "/home/travis/build/failed/getslash/slash/slash/utils/traceback_utils.py", line 142, in <genexpr>
E               return '\n'.join(frame.to_string(include_vars=include_vars) for frame in self.frames)
E             File "/home/travis/build/failed/getslash/slash/slash/utils/traceback_utils.py", line 227, in to_string
E               for name, value in _unwrap_self_locals(self.python_frame.f_locals.items(), self._repr_blacklisted_types):
E             File "/home/travis/build/failed/getslash/slash/slash/utils/traceback_utils.py", line 239, in _unwrap_self_locals
E               yield 'self.{}'.format(attr_name), attr_value
E           NameError: name 'attr_name' is not defined
E           = Session ended. 11 successful, 0 skipped, 0 failed, 0 erroneous. Total duration: 00:00:00 =
E           [2020-12-16 16:43:12] Unexpected error occurred
E           Traceback (most recent call last):
E             File "/home/travis/build/failed/getslash/slash/slash/core/test.py", line 121, in run
E               result = _call_with_fixtures(method, trigger_test_start=True)
E             File "/home/travis/build/failed/getslash/slash/slash/core/fixtures/fixture_store.py", line 69, in call_with_fixtures
E               returned = test_func(**kwargs)
E             File "/tmp/tmpo5uquh5a/test_00408.py", line 19, in test_00411
E               raise Exception("Test exception")
E           Exception: Test exception
E           
E           During handling of the above exception, another exception occurred:
E           
E           Traceback (most recent call last):
E             File "/home/travis/build/failed/getslash/slash/slash/runner.py", line 114, in _run_single_test
E               test.run()
E             File "/home/travis/build/failed/getslash/slash/slash/core/test.py", line 121, in run
E               result = _call_with_fixtures(method, trigger_test_start=True)
E             File "/home/travis/build/failed/getslash/slash/slash/exception_handling.py", line 130, in __exit__
E               handle_exception(exc_info, **self._kwargs)
E             File "/home/travis/build/failed/getslash/slash/slash/exception_handling.py", line 163, in handle_exception
E               handler(exc_info)
E             File "/home/travis/build/failed/getslash/slash/slash/exception_handling.py", line 32, in update_current_result
E               current_result.add_exception(exc_info)
E             File "/home/travis/build/failed/getslash/slash/slash/core/result.py", line 113, in add_exception
E               self.add_error(exc_info=exc_info)
E             File "/home/travis/build/failed/getslash/slash/slash/core/result.py", line 205, in add_error
E               err = self._add_error(self._errors, e, frame_correction=frame_correction + 1, exc_info=exc_info, append=append)
E             File "/home/travis/build/failed/getslash/slash/slash/core/result.py", line 232, in _add_error
E               error.log_added()
E             File "/home/travis/build/failed/getslash/slash/slash/core/error.py", line 62, in log_added
E               tb = self.traceback.to_string(include_vars=config.root.log.traceback_variables)
E             File "/home/travis/build/failed/getslash/slash/slash/utils/traceback_utils.py", line 142, in to_string
E               return '\n'.join(frame.to_string(include_vars=include_vars) for frame in self.frames)
E             File "/home/travis/build/failed/getslash/slash/slash/utils/traceback_utils.py", line 142, in <genexpr>
E               return '\n'.join(frame.to_string(include_vars=include_vars) for frame in self.frames)
E             File "/home/travis/build/failed/getslash/slash/slash/utils/traceback_utils.py", line 227, in to_string
E               for name, value in _unwrap_self_locals(self.python_frame.f_locals.items(), self._repr_blacklisted_types):
E             File "/home/travis/build/failed/getslash/slash/slash/utils/traceback_utils.py", line 239, in _unwrap_self_locals
E               yield 'self.{}'.format(attr_name), attr_value
E           NameError: name 'attr_name' is not defined
E           
E           During handling of the above exception, another exception occurred:
E           
E           Traceback (most recent call last):
E             File "/home/travis/build/failed/getslash/slash/slash/runner.py", line 114, in _run_single_test
E               test.run()
E             File "/home/travis/build/failed/getslash/slash/slash/exception_handling.py", line 130, in __exit__
E               handle_exception(exc_info, **self._kwargs)
E             File "/home/travis/build/failed/getslash/slash/slash/exception_handling.py", line 163, in handle_exception
E               handler(exc_info)
E             File "/home/travis/build/failed/getslash/slash/slash/exception_handling.py", line 32, in update_current_result
E               current_result.add_exception(exc_info)
E             File "/home/travis/build/failed/getslash/slash/slash/core/result.py", line 113, in add_exception
E               self.add_error(exc_info=exc_info)
E             File "/home/travis/build/failed/getslash/slash/slash/core/result.py", line 205, in add_error
E               err = self._add_error(self._errors, e, frame_correction=frame_correction + 1, exc_info=exc_info, append=append)
E             File "/home/travis/build/failed/getslash/slash/slash/core/result.py", line 232, in _add_error
E               error.log_added()
E             File "/home/travis/build/failed/getslash/slash/slash/core/error.py", line 62, in log_added
E               tb = self.traceback.to_string(include_vars=config.root.log.traceback_variables)
E             File "/home/travis/build/failed/getslash/slash/slash/utils/traceback_utils.py", line 142, in to_string
E               return '\n'.join(frame.to_string(include_vars=include_vars) for frame in self.frames)
E             File "/home/travis/build/failed/getslash/slash/slash/utils/traceback_utils.py", line 142, in <genexpr>
E               return '\n'.join(frame.to_string(include_vars=include_vars) for frame in self.frames)
E             File "/home/travis/build/failed/getslash/slash/slash/utils/traceback_utils.py", line 227, in to_string
E               for name, value in _unwrap_self_locals(self.python_frame.f_locals.items(), self._repr_blacklisted_types):
E             File "/home/travis/build/failed/getslash/slash/slash/utils/traceback_utils.py", line 239, in _unwrap_self_locals
E               yield 'self.{}'.format(attr_name), attr_value
E           NameError: name 'attr_name' is not defined
E           
E           During handling of the above exception, another exception occurred:
E           
E           Traceback (most recent call last):
E             File "/home/travis/build/failed/getslash/slash/slash/runner.py", line 116, in _run_single_test
E               context.session.scope_manager.end_test(test)
E             File "/home/travis/build/failed/getslash/slash/slash/exception_handling.py", line 130, in __exit__
E               handle_exception(exc_info, **self._kwargs)
E             File "/home/travis/build/failed/getslash/slash/slash/exception_handling.py", line 163, in handle_exception
E               handler(exc_info)
E             File "/home/travis/build/failed/getslash/slash/slash/exception_handling.py", line 32, in update_current_result
E               current_result.add_exception(exc_info)
E             File "/home/travis/build/failed/getslash/slash/slash/core/result.py", line 113, in add_exception
E               self.add_error(exc_info=exc_info)
E             File "/home/travis/build/failed/getslash/slash/slash/core/result.py", line 205, in add_error
E               err = self._add_error(self._errors, e, frame_correction=frame_correction + 1, exc_info=exc_info, append=append)
E             File "/home/travis/build/failed/getslash/slash/slash/core/result.py", line 232, in _add_error
E               error.log_added()
E             File "/home/travis/build/failed/getslash/slash/slash/core/error.py", line 62, in log_added
E               tb = self.traceback.to_string(include_vars=config.root.log.traceback_variables)
E             File "/home/travis/build/failed/getslash/slash/slash/utils/traceback_utils.py", line 142, in to_string
E               return '\n'.join(frame.to_string(include_vars=include_vars) for frame in self.frames)
E             File "/home/travis/build/failed/getslash/slash/slash/utils/traceback_utils.py", line 142, in <genexpr>
E               return '\n'.join(frame.to_string(include_vars=include_vars) for frame in self.frames)
E             File "/home/travis/build/failed/getslash/slash/slash/utils/traceback_utils.py", line 227, in to_string
E               for name, value in _unwrap_self_locals(self.python_frame.f_locals.items(), self._repr_blacklisted_types):
E             File "/home/travis/build/failed/getslash/slash/slash/utils/traceback_utils.py", line 239, in _unwrap_self_locals
E               yield 'self.{}'.format(attr_name), attr_value
E           NameError: name 'attr_name' is not defined
E           
E           During handling of the above exception, another exception occurred:
E           
E           Traceback (most recent call last):
E             File "/home/travis/build/failed/getslash/slash/slash/frontend/slash_run.py", line 70, in slash_run
E               run_tests(collected)
E             File "/home/travis/build/failed/getslash/slash/slash/runner.py", line 57, in run_tests
E               _run_single_test(test, test_iterator)
E             File "/home/travis/build/failed/getslash/slash/slash/runner.py", line 127, in _run_single_test
E               except context.session.get_skip_exception_types():
E             File "/home/travis/build/failed/getslash/slash/slash/exception_handling.py", line 130, in __exit__
E               handle_exception(exc_info, **self._kwargs)
E             File "/home/travis/build/failed/getslash/slash/slash/exception_handling.py", line 163, in handle_exception
E               handler(exc_info)
E             File "/home/travis/build/failed/getslash/slash/slash/exception_handling.py", line 32, in update_current_result
E               current_result.add_exception(exc_info)
E             File "/home/travis/build/failed/getslash/slash/slash/core/result.py", line 113, in add_exception
E               self.add_error(exc_info=exc_info)
E             File "/home/travis/build/failed/getslash/slash/slash/core/result.py", line 205, in add_error
E               err = self._add_error(self._errors, e, frame_correction=frame_correction + 1, exc_info=exc_info, append=append)
E             File "/home/travis/build/failed/getslash/slash/slash/core/result.py", line 232, in _add_error
E               error.log_added()
E             File "/home/travis/build/failed/getslash/slash/slash/core/error.py", line 62, in log_added
E               tb = self.traceback.to_string(include_vars=config.root.log.traceback_variables)
E             File "/home/travis/build/failed/getslash/slash/slash/utils/traceback_utils.py", line 142, in to_string
E               return '\n'.join(frame.to_string(include_vars=include_vars) for frame in self.frames)
E             File "/home/travis/build/failed/getslash/slash/slash/utils/traceback_utils.py", line 142, in <genexpr>
E               return '\n'.join(frame.to_string(include_vars=include_vars) for frame in self.frames)
E             File "/home/travis/build/failed/getslash/slash/slash/utils/traceback_utils.py", line 227, in to_string
E               for name, value in _unwrap_self_locals(self.python_frame.f_locals.items(), self._repr_blacklisted_types):
E             File "/home/travis/build/failed/getslash/slash/slash/utils/traceback_utils.py", line 239, in _unwrap_self_locals
E               yield 'self.{}'.format(attr_name), attr_value
E           NameError: name 'attr_name' is not defined
E           ERROR: Unexpected error: name 'attr_name' is not defined

tests/utils/suite_writer/validation.py:18: AssertionError
----------------------------- Captured stderr call -----------------------------
[2020-12-16 16:43:12.277601] DEBUG: slash.loader: Checking /tmp/tmpo5uquh5a/test_00396.py
[2020-12-16 16:43:12.282409] TRACE: emport: Creating new package for /tmp/tmpo5uquh5a/test_00396.py
[2020-12-16 16:43:12.282650] TRACE: emport: After split: /tmp/tmpo5uquh5a, test_00396
[2020-12-16 16:43:12.300385] DEBUG: slash.loader: Checking /tmp/tmpo5uquh5a/test_00408.py
[2020-12-16 16:43:12.310250] TRACE: emport: Creating new package for /tmp/tmpo5uquh5a/test_00408.py
[2020-12-16 16:43:12.310429] TRACE: emport: After split: /tmp/tmpo5uquh5a, test_00408
[2020-12-16 16:43:12.316787] TRACE: slash.core.cleanup_manager: CleanupManager: pushing scope 'session-global'
[2020-12-16 16:43:12.326528] NOTICE: slash.runner: #1: /tmp/tmpo5uquh5a/test_00396.py:test_00397
[2020-12-16 16:43:12.327386] DEBUG: slash.runner: Started test #1: <Runnable test </tmp/tmpo5uquh5a/test_00396.py:test_00397>>
[2020-12-16 16:43:12.335531] TRACE: slash.core.scope_manager: Pushed scope session
[2020-12-16 16:43:12.335729] TRACE: slash.core.cleanup_manager: CleanupManager: pushing scope 'session'
[2020-12-16 16:43:12.335882] TRACE: slash.core.scope_manager: Pushed scope module
[2020-12-16 16:43:12.336017] TRACE: slash.core.cleanup_manager: CleanupManager: pushing scope 'module'
[2020-12-16 16:43:12.336152] TRACE: slash.core.scope_manager: Pushed scope test
[2020-12-16 16:43:12.336280] TRACE: slash.core.cleanup_manager: CleanupManager: pushing scope 'test'
[2020-12-16 16:43:12.340566] TRACE: slash.core.scope_manager: Popping scope test (expected test)
[2020-12-16 16:43:12.340774] TRACE: slash.core.cleanup_manager: CleanupManager: popping scope 'test' (failure: False, interrupt: False)
[2020-12-16 16:43:12.340922] TRACE: slash.core.cleanup_manager: Calling cleanups of scope 'test' (failure=False, interrupt=False)
[2020-12-16 16:43:12.345485] TRACE: slash.core.scope_manager: Popped scope test
[2020-12-16 16:43:12.350101] NOTICE: slash.runner: #2: /tmp/tmpo5uquh5a/test_00396.py:Test00398.test_00399
[2020-12-16 16:43:12.350905] DEBUG: slash.runner: Started test #2: <Runnable test </tmp/tmpo5uquh5a/test_00396.py:Test00398.test_00399>>
[2020-12-16 16:43:12.359126] TRACE: slash.core.scope_manager: Pushed scope test
[2020-12-16 16:43:12.359325] TRACE: slash.core.cleanup_manager: CleanupManager: pushing scope 'test'
[2020-12-16 16:43:12.371727] TRACE: slash.core.scope_manager: Popping scope test (expected test)
[2020-12-16 16:43:12.371936] TRACE: slash.core.cleanup_manager: CleanupManager: popping scope 'test' (failure: False, interrupt: False)
[2020-12-16 16:43:12.372086] TRACE: slash.core.cleanup_manager: Calling cleanups of scope 'test' (failure=False, interrupt=False)
[2020-12-16 16:43:12.376525] TRACE: slash.core.scope_manager: Popped scope test
[2020-12-16 16:43:12.381317] NOTICE: slash.runner: #3: /tmp/tmpo5uquh5a/test_00396.py:test_00400
[2020-12-16 16:43:12.382124] DEBUG: slash.runner: Started test #3: <Runnable test </tmp/tmpo5uquh5a/test_00396.py:test_00400>>
[2020-12-16 16:43:12.390936] TRACE: slash.core.scope_manager: Pushed scope test
[2020-12-16 16:43:12.391135] TRACE: slash.core.cleanup_manager: CleanupManager: pushing scope 'test'
[2020-12-16 16:43:12.395265] TRACE: slash.core.scope_manager: Popping scope test (expected test)
[2020-12-16 16:43:12.395467] TRACE: slash.core.cleanup_manager: CleanupManager: popping scope 'test' (failure: False, interrupt: False)
[2020-12-16 16:43:12.395613] TRACE: slash.core.cleanup_manager: Calling cleanups of scope 'test' (failure=False, interrupt=False)
[2020-12-16 16:43:12.400205] TRACE: slash.core.scope_manager: Popped scope test
[2020-12-16 16:43:12.404757] NOTICE: slash.runner: #4: /tmp/tmpo5uquh5a/test_00396.py:Test00398.test_00401
[2020-12-16 16:43:12.405543] DEBUG: slash.runner: Started test #4: <Runnable test </tmp/tmpo5uquh5a/test_00396.py:Test00398.test_00401>>
[2020-12-16 16:43:12.413787] TRACE: slash.core.scope_manager: Pushed scope test
[2020-12-16 16:43:12.414001] TRACE: slash.core.cleanup_manager: CleanupManager: pushing scope 'test'
[2020-12-16 16:43:12.426316] TRACE: slash.core.scope_manager: Popping scope test (expected test)
[2020-12-16 16:43:12.426535] TRACE: slash.core.cleanup_manager: CleanupManager: popping scope 'test' (failure: False, interrupt: False)
[2020-12-16 16:43:12.426682] TRACE: slash.core.cleanup_manager: Calling cleanups of scope 'test' (failure=False, interrupt=False)
[2020-12-16 16:43:12.431113] TRACE: slash.core.scope_manager: Popped scope test
[2020-12-16 16:43:12.435803] NOTICE: slash.runner: #5: /tmp/tmpo5uquh5a/test_00396.py:test_00402
[2020-12-16 16:43:12.436582] DEBUG: slash.runner: Started test #5: <Runnable test </tmp/tmpo5uquh5a/test_00396.py:test_00402>>
[2020-12-16 16:43:12.444670] TRACE: slash.core.scope_manager: Pushed scope test
[2020-12-16 16:43:12.444866] TRACE: slash.core.cleanup_manager: CleanupManager: pushing scope 'test'
[2020-12-16 16:43:12.449010] TRACE: slash.core.scope_manager: Popping scope test (expected test)
[2020-12-16 16:43:12.449209] TRACE: slash.core.cleanup_manager: CleanupManager: popping scope 'test' (failure: False, interrupt: False)
[2020-12-16 16:43:12.449355] TRACE: slash.core.cleanup_manager: Calling cleanups of scope 'test' (failure=False, interrupt=False)
[2020-12-16 16:43:12.453948] TRACE: slash.core.scope_manager: Popped scope test
[2020-12-16 16:43:12.457154] NOTICE: slash.runner: #6: /tmp/tmpo5uquh5a/test_00396.py:Test00398.test_00403
[2020-12-16 16:43:12.457771] DEBUG: slash.runner: Started test #6: <Runnable test </tmp/tmpo5uquh5a/test_00396.py:Test00398.test_00403>>
[2020-12-16 16:43:12.463504] TRACE: slash.core.scope_manager: Pushed scope test
[2020-12-16 16:43:12.463647] TRACE: slash.core.cleanup_manager: CleanupManager: pushing scope 'test'
[2020-12-16 16:43:12.472467] TRACE: slash.core.scope_manager: Popping scope test (expected test)
[2020-12-16 16:43:12.472644] TRACE: slash.core.cleanup_manager: CleanupManager: popping scope 'test' (failure: False, interrupt: False)
[2020-12-16 16:43:12.472755] TRACE: slash.core.cleanup_manager: Calling cleanups of scope 'test' (failure=False, interrupt=False)
[2020-12-16 16:43:12.475932] TRACE: slash.core.scope_manager: Popped scope test
[2020-12-16 16:43:12.479870] NOTICE: slash.runner: #7: /tmp/tmpo5uquh5a/test_00396.py:test_00404
[2020-12-16 16:43:12.480438] DEBUG: slash.runner: Started test #7: <Runnable test </tmp/tmpo5uquh5a/test_00396.py:test_00404>>
[2020-12-16 16:43:12.486046] TRACE: slash.core.scope_manager: Pushed scope test
[2020-12-16 16:43:12.486196] TRACE: slash.core.cleanup_manager: CleanupManager: pushing scope 'test'
[2020-12-16 16:43:12.489156] TRACE: slash.core.scope_manager: Popping scope test (expected test)
[2020-12-16 16:43:12.489298] TRACE: slash.core.cleanup_manager: CleanupManager: popping scope 'test' (failure: False, interrupt: False)
[2020-12-16 16:43:12.489398] TRACE: slash.core.cleanup_manager: Calling cleanups of scope 'test' (failure=False, interrupt=False)
[2020-12-16 16:43:12.492660] TRACE: slash.core.scope_manager: Popped scope test
[2020-12-16 16:43:12.495922] NOTICE: slash.runner: #8: /tmp/tmpo5uquh5a/test_00396.py:Test00405.test_00406
[2020-12-16 16:43:12.496493] DEBUG: slash.runner: Started test #8: <Runnable test </tmp/tmpo5uquh5a/test_00396.py:Test00405.test_00406>>
[2020-12-16 16:43:12.502190] TRACE: slash.core.scope_manager: Pushed scope test
[2020-12-16 16:43:12.502335] TRACE: slash.core.cleanup_manager: CleanupManager: pushing scope 'test'
[2020-12-16 16:43:12.511104] TRACE: slash.core.scope_manager: Popping scope test (expected test)
[2020-12-16 16:43:12.511256] TRACE: slash.core.cleanup_manager: CleanupManager: popping scope 'test' (failure: False, interrupt: False)
[2020-12-16 16:43:12.511357] TRACE: slash.core.cleanup_manager: Calling cleanups of scope 'test' (failure=False, interrupt=False)
[2020-12-16 16:43:12.514399] TRACE: slash.core.scope_manager: Popped scope test
[2020-12-16 16:43:12.517723] NOTICE: slash.runner: #9: /tmp/tmpo5uquh5a/test_00396.py:test_00407
[2020-12-16 16:43:12.518360] DEBUG: slash.runner: Started test #9: <Runnable test </tmp/tmpo5uquh5a/test_00396.py:test_00407>>
[2020-12-16 16:43:12.523990] TRACE: slash.core.scope_manager: Pushed scope test
[2020-12-16 16:43:12.524139] TRACE: slash.core.cleanup_manager: CleanupManager: pushing scope 'test'
[2020-12-16 16:43:12.527090] TRACE: slash.core.scope_manager: Popping scope test (expected test)
[2020-12-16 16:43:12.527244] TRACE: slash.core.cleanup_manager: CleanupManager: popping scope 'test' (failure: False, interrupt: False)
[2020-12-16 16:43:12.527345] TRACE: slash.core.cleanup_manager: Calling cleanups of scope 'test' (failure=False, interrupt=False)
[2020-12-16 16:43:12.530570] TRACE: slash.core.scope_manager: Popped scope test
[2020-12-16 16:43:12.533853] NOTICE: slash.runner: #10: /tmp/tmpo5uquh5a/test_00408.py:Test00409.test_00410
[2020-12-16 16:43:12.534426] DEBUG: slash.runner: Started test #10: <Runnable test </tmp/tmpo5uquh5a/test_00408.py:Test00409.test_00410>>
[2020-12-16 16:43:12.540280] TRACE: slash.core.scope_manager: Module scope has changed. Popping previous module scope
[2020-12-16 16:43:12.540419] TRACE: slash.core.scope_manager: Popping scope module (expected module)
[2020-12-16 16:43:12.540529] TRACE: slash.core.cleanup_manager: CleanupManager: popping scope 'module' (failure: False, interrupt: False)
[2020-12-16 16:43:12.540625] TRACE: slash.core.cleanup_manager: Calling cleanups of scope 'module' (failure=False, interrupt=False)
[2020-12-16 16:43:12.540730] TRACE: slash.core.scope_manager: Popped scope module
[2020-12-16 16:43:12.540820] TRACE: slash.core.scope_manager: Pushed scope module
[2020-12-16 16:43:12.540908] TRACE: slash.core.cleanup_manager: CleanupManager: pushing scope 'module'
[2020-12-16 16:43:12.541001] TRACE: slash.core.scope_manager: Pushed scope test
[2020-12-16 16:43:12.541088] TRACE: slash.core.cleanup_manager: CleanupManager: pushing scope 'test'
[2020-12-16 16:43:12.550221] TRACE: slash.core.scope_manager: Popping scope test (expected test)
[2020-12-16 16:43:12.550383] TRACE: slash.core.cleanup_manager: CleanupManager: popping scope 'test' (failure: False, interrupt: False)
[2020-12-16 16:43:12.550492] TRACE: slash.core.cleanup_manager: Calling cleanups of scope 'test' (failure=False, interrupt=False)
[2020-12-16 16:43:12.553587] TRACE: slash.core.scope_manager: Popped scope test
[2020-12-16 16:43:12.556907] NOTICE: slash.runner: #11: /tmp/tmpo5uquh5a/test_00408.py:Test00409.test_00411
[2020-12-16 16:43:12.557480] DEBUG: slash.runner: Started test #11: <Runnable test </tmp/tmpo5uquh5a/test_00408.py:Test00409.test_00411>>
[2020-12-16 16:43:12.563369] TRACE: slash.core.scope_manager: Pushed scope test
[2020-12-16 16:43:12.563514] TRACE: slash.core.cleanup_manager: CleanupManager: pushing scope 'test'
[2020-12-16 16:43:12.569342] DEBUG: slash.exception_handling: Handling exception
Traceback (most recent call last):
  File ".env/bin/py.test", line 8, in <module>
    sys.exit(console_main())
  File "/home/travis/build/failed/getslash/slash/.env/lib/python3.7/site-packages/_pytest/config/__init__.py", line 185, in console_main
    code = main()
  File "/home/travis/build/failed/getslash/slash/.env/lib/python3.7/site-packages/_pytest/config/__init__.py", line 163, in main
    config=config
  File "/home/travis/build/failed/getslash/slash/.env/lib/python3.7/site-packages/pluggy/hooks.py", line 286, in __call__
    return self._hookexec(self, self.get_hookimpls(), kwargs)
  File "/home/travis/build/failed/getslash/slash/.env/lib/python3.7/site-packages/pluggy/manager.py", line 93, in _hookexec
    return self._inner_hookexec(hook, methods, kwargs)
  File "/home/travis/build/failed/getslash/slash/.env/lib/python3.7/site-packages/pluggy/manager.py", line 87, in <lambda>
    firstresult=hook.spec.opts.get("firstresult") if hook.spec else False,
  File "/home/travis/build/failed/getslash/slash/.env/lib/python3.7/site-packages/pluggy/callers.py", line 187, in _multicall
    res = hook_impl.function(*args)
  File "/home/travis/build/failed/getslash/slash/.env/lib/python3.7/site-packages/_pytest/main.py", line 316, in pytest_cmdline_main
    return wrap_session(config, _main)
  File "/home/travis/build/failed/getslash/slash/.env/lib/python3.7/site-packages/_pytest/main.py", line 269, in wrap_session
    session.exitstatus = doit(config, session) or 0
  File "/home/travis/build/failed/getslash/slash/.env/lib/python3.7/site-packages/_pytest/main.py", line 323, in _main
    config.hook.pytest_runtestloop(session=session)
  File "/home/travis/build/failed/getslash/slash/.env/lib/python3.7/site-packages/pluggy/hooks.py", line 286, in __call__
    return self._hookexec(self, self.get_hookimpls(), kwargs)
  File "/home/travis/build/failed/getslash/slash/.env/lib/python3.7/site-packages/pluggy/manager.py", line 93, in _hookexec
    return self._inner_hookexec(hook, methods, kwargs)
  File "/home/travis/build/failed/getslash/slash/.env/lib/python3.7/site-packages/pluggy/manager.py", line 87, in <lambda>
    firstresult=hook.spec.opts.get("firstresult") if hook.spec else False,
  File "/home/travis/build/failed/getslash/slash/.env/lib/python3.7/site-packages/pluggy/callers.py", line 187, in _multicall
    res = hook_impl.function(*args)
  File "/home/travis/build/failed/getslash/slash/.env/lib/python3.7/site-packages/_pytest/main.py", line 348, in pytest_runtestloop
    item.config.hook.pytest_runtest_protocol(item=item, nextitem=nextitem)
  File "/home/travis/build/failed/getslash/slash/.env/lib/python3.7/site-packages/pluggy/hooks.py", line 286, in __call__
    return self._hookexec(self, self.get_hookimpls(), kwargs)
  File "/home/travis/build/failed/getslash/slash/.env/lib/python3.7/site-packages/pluggy/manager.py", line 93, in _hookexec
    return self._inner_hookexec(hook, methods, kwargs)
  File "/home/travis/build/failed/getslash/slash/.env/lib/python3.7/site-packages/pluggy/manager.py", line 87, in <lambda>
    firstresult=hook.spec.opts.get("firstresult") if hook.spec else False,
  File "/home/travis/build/failed/getslash/slash/.env/lib/python3.7/site-packages/pluggy/callers.py", line 187, in _multicall
    res = hook_impl.function(*args)
  File "/home/travis/build/failed/getslash/slash/.env/lib/python3.7/site-packages/_pytest/runner.py", line 109, in pytest_runtest_protocol
    runtestprotocol(item, nextitem=nextitem)
  File "/home/travis/build/failed/getslash/slash/.env/lib/python3.7/site-packages/_pytest/runner.py", line 126, in runtestprotocol
    reports.append(call_and_report(item, "call", log))
  File "/home/travis/build/failed/getslash/slash/.env/lib/python3.7/site-packages/_pytest/runner.py", line 215, in call_and_report
    call = call_runtest_hook(item, when, **kwds)
  File "/home/travis/build/failed/getslash/slash/.env/lib/python3.7/site-packages/_pytest/runner.py", line 255, in call_runtest_hook
    lambda: ihook(item=item, **kwds), when=when, reraise=reraise
  File "/home/travis/build/failed/getslash/slash/.env/lib/python3.7/site-packages/_pytest/runner.py", line 311, in from_call
    result: Optional[TResult] = func()
  File "/home/travis/build/failed/getslash/slash/.env/lib/python3.7/site-packages/_pytest/runner.py", line 255, in <lambda>
    lambda: ihook(item=item, **kwds), when=when, reraise=reraise
  File "/home/travis/build/failed/getslash/slash/.env/lib/python3.7/site-packages/pluggy/hooks.py", line 286, in __call__
    return self._hookexec(self, self.get_hookimpls(), kwargs)
  File "/home/travis/build/failed/getslash/slash/.env/lib/python3.7/site-packages/pluggy/manager.py", line 93, in _hookexec
    return self._inner_hookexec(hook, methods, kwargs)
  File "/home/travis/build/failed/getslash/slash/.env/lib/python3.7/site-packages/pluggy/manager.py", line 87, in <lambda>
    firstresult=hook.spec.opts.get("firstresult") if hook.spec else False,
  File "/home/travis/build/failed/getslash/slash/.env/lib/python3.7/site-packages/pluggy/callers.py", line 187, in _multicall
    res = hook_impl.function(*args)
  File "/home/travis/build/failed/getslash/slash/.env/lib/python3.7/site-packages/_pytest/runner.py", line 162, in pytest_runtest_call
    item.runtest()
  File "/home/travis/build/failed/getslash/slash/.env/lib/python3.7/site-packages/_pytest/python.py", line 1641, in runtest
    self.ihook.pytest_pyfunc_call(pyfuncitem=self)
  File "/home/travis/build/failed/getslash/slash/.env/lib/python3.7/site-packages/pluggy/hooks.py", line 286, in __call__
    return self._hookexec(self, self.get_hookimpls(), kwargs)
  File "/home/travis/build/failed/getslash/slash/.env/lib/python3.7/site-packages/pluggy/manager.py", line 93, in _hookexec
    return self._inner_hookexec(hook, methods, kwargs)
  File "/home/travis/build/failed/getslash/slash/.env/lib/python3.7/site-packages/pluggy/manager.py", line 87, in <lambda>
    firstresult=hook.spec.opts.get("firstresult") if hook.spec else False,
  File "/home/travis/build/failed/getslash/slash/.env/lib/python3.7/site-packages/pluggy/callers.py", line 187, in _multicall
    res = hook_impl.function(*args)
  File "/home/travis/build/failed/getslash/slash/.env/lib/python3.7/site-packages/_pytest/python.py", line 183, in pytest_pyfunc_call
    result = testfunction(**testargs)
  File "/home/travis/build/failed/getslash/slash/tests/test_add_error.py", line 96, in test_add_error_log_traceback_variables
    res = suite.run()
  File "/home/travis/build/failed/getslash/slash/tests/utils/suite_writer/suite.py", line 144, in run
    app_callback=captured.append,
  File "/home/travis/build/failed/getslash/slash/slash/frontend/slash_run.py", line 70, in slash_run
    run_tests(collected)
  File "/home/travis/build/failed/getslash/slash/slash/runner.py", line 57, in run_tests
    _run_single_test(test, test_iterator)
  File "/home/travis/build/failed/getslash/slash/slash/runner.py", line 114, in _run_single_test
    test.run()
  File "/home/travis/build/failed/getslash/slash/slash/core/test.py", line 121, in run
    result = _call_with_fixtures(method, trigger_test_start=True)
  File "/home/travis/build/failed/getslash/slash/slash/core/fixtures/fixture_store.py", line 69, in call_with_fixtures
    returned = test_func(**kwargs)
  File "/tmp/tmpo5uquh5a/test_00408.py", line 19, in test_00411
    raise Exception("Test exception")
Exception: Test exception
[2020-12-16 16:43:12.578835] ERROR: slash.core.result: Failed to add error to result
Traceback (most recent call last):
  File "/home/travis/build/failed/getslash/slash/slash/core/test.py", line 121, in run
    result = _call_with_fixtures(method, trigger_test_start=True)
  File "/home/travis/build/failed/getslash/slash/slash/core/fixtures/fixture_store.py", line 69, in call_with_fixtures
    returned = test_func(**kwargs)
  File "/tmp/tmpo5uquh5a/test_00408.py", line 19, in test_00411
    raise Exception("Test exception")
Exception: Test exception

During handling of the above exception, another exception occurred:

Traceback (most recent call last):
  File "/home/travis/build/failed/getslash/slash/slash/core/result.py", line 232, in _add_error
    error.log_added()
  File "/home/travis/build/failed/getslash/slash/slash/core/error.py", line 62, in log_added
    tb = self.traceback.to_string(include_vars=config.root.log.traceback_variables)
  File "/home/travis/build/failed/getslash/slash/slash/utils/traceback_utils.py", line 142, in to_string
    return '\n'.join(frame.to_string(include_vars=include_vars) for frame in self.frames)
  File "/home/travis/build/failed/getslash/slash/slash/utils/traceback_utils.py", line 142, in <genexpr>
    return '\n'.join(frame.to_string(include_vars=include_vars) for frame in self.frames)
  File "/home/travis/build/failed/getslash/slash/slash/utils/traceback_utils.py", line 227, in to_string
    for name, value in _unwrap_self_locals(self.python_frame.f_locals.items(), self._repr_blacklisted_types):
  File "/home/travis/build/failed/getslash/slash/slash/utils/traceback_utils.py", line 239, in _unwrap_self_locals
    yield 'self.{}'.format(attr_name), attr_value
NameError: name 'attr_name' is not defined
[2020-12-16 16:43:12.582318] DEBUG: slash.exception_handling: Handling exception
Traceback (most recent call last):
  File "/home/travis/build/failed/getslash/slash/slash/core/test.py", line 121, in run
    result = _call_with_fixtures(method, trigger_test_start=True)
  File "/home/travis/build/failed/getslash/slash/slash/core/fixtures/fixture_store.py", line 69, in call_with_fixtures
    returned = test_func(**kwargs)
  File "/tmp/tmpo5uquh5a/test_00408.py", line 19, in test_00411
    raise Exception("Test exception")
Exception: Test exception

During handling of the above exception, another exception occurred:

Traceback (most recent call last):
  File ".env/bin/py.test", line 8, in <module>
    sys.exit(console_main())
  File "/home/travis/build/failed/getslash/slash/.env/lib/python3.7/site-packages/_pytest/config/__init__.py", line 185, in console_main
    code = main()
  File "/home/travis/build/failed/getslash/slash/.env/lib/python3.7/site-packages/_pytest/config/__init__.py", line 163, in main
    config=config
  File "/home/travis/build/failed/getslash/slash/.env/lib/python3.7/site-packages/pluggy/hooks.py", line 286, in __call__
    return self._hookexec(self, self.get_hookimpls(), kwargs)
  File "/home/travis/build/failed/getslash/slash/.env/lib/python3.7/site-packages/pluggy/manager.py", line 93, in _hookexec
    return self._inner_hookexec(hook, methods, kwargs)
  File "/home/travis/build/failed/getslash/slash/.env/lib/python3.7/site-packages/pluggy/manager.py", line 87, in <lambda>
    firstresult=hook.spec.opts.get("firstresult") if hook.spec else False,
  File "/home/travis/build/failed/getslash/slash/.env/lib/python3.7/site-packages/pluggy/callers.py", line 187, in _multicall
    res = hook_impl.function(*args)
  File "/home/travis/build/failed/getslash/slash/.env/lib/python3.7/site-packages/_pytest/main.py", line 316, in pytest_cmdline_main
    return wrap_session(config, _main)
  File "/home/travis/build/failed/getslash/slash/.env/lib/python3.7/site-packages/_pytest/main.py", line 269, in wrap_session
    session.exitstatus = doit(config, session) or 0
  File "/home/travis/build/failed/getslash/slash/.env/lib/python3.7/site-packages/_pytest/main.py", line 323, in _main
    config.hook.pytest_runtestloop(session=session)
  File "/home/travis/build/failed/getslash/slash/.env/lib/python3.7/site-packages/pluggy/hooks.py", line 286, in __call__
    return self._hookexec(self, self.get_hookimpls(), kwargs)
  File "/home/travis/build/failed/getslash/slash/.env/lib/python3.7/site-packages/pluggy/manager.py", line 93, in _hookexec
    return self._inner_hookexec(hook, methods, kwargs)
  File "/home/travis/build/failed/getslash/slash/.env/lib/python3.7/site-packages/pluggy/manager.py", line 87, in <lambda>
    firstresult=hook.spec.opts.get("firstresult") if hook.spec else False,
  File "/home/travis/build/failed/getslash/slash/.env/lib/python3.7/site-packages/pluggy/callers.py", line 187, in _multicall
    res = hook_impl.function(*args)
  File "/home/travis/build/failed/getslash/slash/.env/lib/python3.7/site-packages/_pytest/main.py", line 348, in pytest_runtestloop
    item.config.hook.pytest_runtest_protocol(item=item, nextitem=nextitem)
  File "/home/travis/build/failed/getslash/slash/.env/lib/python3.7/site-packages/pluggy/hooks.py", line 286, in __call__
    return self._hookexec(self, self.get_hookimpls(), kwargs)
  File "/home/travis/build/failed/getslash/slash/.env/lib/python3.7/site-packages/pluggy/manager.py", line 93, in _hookexec
    return self._inner_hookexec(hook, methods, kwargs)
  File "/home/travis/build/failed/getslash/slash/.env/lib/python3.7/site-packages/pluggy/manager.py", line 87, in <lambda>
    firstresult=hook.spec.opts.get("firstresult") if hook.spec else False,
  File "/home/travis/build/failed/getslash/slash/.env/lib/python3.7/site-packages/pluggy/callers.py", line 187, in _multicall
    res = hook_impl.function(*args)
  File "/home/travis/build/failed/getslash/slash/.env/lib/python3.7/site-packages/_pytest/runner.py", line 109, in pytest_runtest_protocol
    runtestprotocol(item, nextitem=nextitem)
  File "/home/travis/build/failed/getslash/slash/.env/lib/python3.7/site-packages/_pytest/runner.py", line 126, in runtestprotocol
    reports.append(call_and_report(item, "call", log))
  File "/home/travis/build/failed/getslash/slash/.env/lib/python3.7/site-packages/_pytest/runner.py", line 215, in call_and_report
    call = call_runtest_hook(item, when, **kwds)
  File "/home/travis/build/failed/getslash/slash/.env/lib/python3.7/site-packages/_pytest/runner.py", line 255, in call_runtest_hook
    lambda: ihook(item=item, **kwds), when=when, reraise=reraise
  File "/home/travis/build/failed/getslash/slash/.env/lib/python3.7/site-packages/_pytest/runner.py", line 311, in from_call
    result: Optional[TResult] = func()
  File "/home/travis/build/failed/getslash/slash/.env/lib/python3.7/site-packages/_pytest/runner.py", line 255, in <lambda>
    lambda: ihook(item=item, **kwds), when=when, reraise=reraise
  File "/home/travis/build/failed/getslash/slash/.env/lib/python3.7/site-packages/pluggy/hooks.py", line 286, in __call__
    return self._hookexec(self, self.get_hookimpls(), kwargs)
  File "/home/travis/build/failed/getslash/slash/.env/lib/python3.7/site-packages/pluggy/manager.py", line 93, in _hookexec
    return self._inner_hookexec(hook, methods, kwargs)
  File "/home/travis/build/failed/getslash/slash/.env/lib/python3.7/site-packages/pluggy/manager.py", line 87, in <lambda>
    firstresult=hook.spec.opts.get("firstresult") if hook.spec else False,
  File "/home/travis/build/failed/getslash/slash/.env/lib/python3.7/site-packages/pluggy/callers.py", line 187, in _multicall
    res = hook_impl.function(*args)
  File "/home/travis/build/failed/getslash/slash/.env/lib/python3.7/site-packages/_pytest/runner.py", line 162, in pytest_runtest_call
    item.runtest()
  File "/home/travis/build/failed/getslash/slash/.env/lib/python3.7/site-packages/_pytest/python.py", line 1641, in runtest
    self.ihook.pytest_pyfunc_call(pyfuncitem=self)
  File "/home/travis/build/failed/getslash/slash/.env/lib/python3.7/site-packages/pluggy/hooks.py", line 286, in __call__
    return self._hookexec(self, self.get_hookimpls(), kwargs)
  File "/home/travis/build/failed/getslash/slash/.env/lib/python3.7/site-packages/pluggy/manager.py", line 93, in _hookexec
    return self._inner_hookexec(hook, methods, kwargs)
  File "/home/travis/build/failed/getslash/slash/.env/lib/python3.7/site-packages/pluggy/manager.py", line 87, in <lambda>
    firstresult=hook.spec.opts.get("firstresult") if hook.spec else False,
  File "/home/travis/build/failed/getslash/slash/.env/lib/python3.7/site-packages/pluggy/callers.py", line 187, in _multicall
    res = hook_impl.function(*args)
  File "/home/travis/build/failed/getslash/slash/.env/lib/python3.7/site-packages/_pytest/python.py", line 183, in pytest_pyfunc_call
    result = testfunction(**testargs)
  File "/home/travis/build/failed/getslash/slash/tests/test_add_error.py", line 96, in test_add_error_log_traceback_variables
    res = suite.run()
  File "/home/travis/build/failed/getslash/slash/tests/utils/suite_writer/suite.py", line 144, in run
    app_callback=captured.append,
  File "/home/travis/build/failed/getslash/slash/slash/frontend/slash_run.py", line 70, in slash_run
    run_tests(collected)
  File "/home/travis/build/failed/getslash/slash/slash/runner.py", line 57, in run_tests
    _run_single_test(test, test_iterator)
  File "/home/travis/build/failed/getslash/slash/slash/runner.py", line 114, in _run_single_test
    test.run()
  File "/home/travis/build/failed/getslash/slash/slash/core/test.py", line 121, in run
    result = _call_with_fixtures(method, trigger_test_start=True)
  File "/home/travis/build/failed/getslash/slash/slash/exception_handling.py", line 130, in __exit__
    handle_exception(exc_info, **self._kwargs)
  File "/home/travis/build/failed/getslash/slash/slash/exception_handling.py", line 163, in handle_exception
    handler(exc_info)
  File "/home/travis/build/failed/getslash/slash/slash/exception_handling.py", line 32, in update_current_result
    current_result.add_exception(exc_info)
  File "/home/travis/build/failed/getslash/slash/slash/core/result.py", line 113, in add_exception
    self.add_error(exc_info=exc_info)
  File "/home/travis/build/failed/getslash/slash/slash/core/result.py", line 205, in add_error
    err = self._add_error(self._errors, e, frame_correction=frame_correction + 1, exc_info=exc_info, append=append)
  File "/home/travis/build/failed/getslash/slash/slash/core/result.py", line 232, in _add_error
    error.log_added()
  File "/home/travis/build/failed/getslash/slash/slash/core/error.py", line 62, in log_added
    tb = self.traceback.to_string(include_vars=config.root.log.traceback_variables)
  File "/home/travis/build/failed/getslash/slash/slash/utils/traceback_utils.py", line 142, in to_string
    return '\n'.join(frame.to_string(include_vars=include_vars) for frame in self.frames)
  File "/home/travis/build/failed/getslash/slash/slash/utils/traceback_utils.py", line 142, in <genexpr>
    return '\n'.join(frame.to_string(include_vars=include_vars) for frame in self.frames)
  File "/home/travis/build/failed/getslash/slash/slash/utils/traceback_utils.py", line 227, in to_string
    for name, value in _unwrap_self_locals(self.python_frame.f_locals.items(), self._repr_blacklisted_types):
  File "/home/travis/build/failed/getslash/slash/slash/utils/traceback_utils.py", line 239, in _unwrap_self_locals
    yield 'self.{}'.format(attr_name), attr_value
NameError: name 'attr_name' is not defined
[2020-12-16 16:43:12.593428] ERROR: slash.core.result: Failed to add error to result
Traceback (most recent call last):
  File "/home/travis/build/failed/getslash/slash/slash/core/test.py", line 121, in run
    result = _call_with_fixtures(method, trigger_test_start=True)
  File "/home/travis/build/failed/getslash/slash/slash/core/fixtures/fixture_store.py", line 69, in call_with_fixtures
    returned = test_func(**kwargs)
  File "/tmp/tmpo5uquh5a/test_00408.py", line 19, in test_00411
    raise Exception("Test exception")
Exception: Test exception

During handling of the above exception, another exception occurred:

Traceback (most recent call last):
  File "/home/travis/build/failed/getslash/slash/slash/runner.py", line 114, in _run_single_test
    test.run()
  File "/home/travis/build/failed/getslash/slash/slash/core/test.py", line 121, in run
    result = _call_with_fixtures(method, trigger_test_start=True)
  File "/home/travis/build/failed/getslash/slash/slash/exception_handling.py", line 130, in __exit__
    handle_exception(exc_info, **self._kwargs)
  File "/home/travis/build/failed/getslash/slash/slash/exception_handling.py", line 163, in handle_exception
    handler(exc_info)
  File "/home/travis/build/failed/getslash/slash/slash/exception_handling.py", line 32, in update_current_result
    current_result.add_exception(exc_info)
  File "/home/travis/build/failed/getslash/slash/slash/core/result.py", line 113, in add_exception
    self.add_error(exc_info=exc_info)
  File "/home/travis/build/failed/getslash/slash/slash/core/result.py", line 205, in add_error
    err = self._add_error(self._errors, e, frame_correction=frame_correction + 1, exc_info=exc_info, append=append)
  File "/home/travis/build/failed/getslash/slash/slash/core/result.py", line 232, in _add_error
    error.log_added()
  File "/home/travis/build/failed/getslash/slash/slash/core/error.py", line 62, in log_added
    tb = self.traceback.to_string(include_vars=config.root.log.traceback_variables)
  File "/home/travis/build/failed/getslash/slash/slash/utils/traceback_utils.py", line 142, in to_string
    return '\n'.join(frame.to_string(include_vars=include_vars) for frame in self.frames)
  File "/home/travis/build/failed/getslash/slash/slash/utils/traceback_utils.py", line 142, in <genexpr>
    return '\n'.join(frame.to_string(include_vars=include_vars) for frame in self.frames)
  File "/home/travis/build/failed/getslash/slash/slash/utils/traceback_utils.py", line 227, in to_string
    for name, value in _unwrap_self_locals(self.python_frame.f_locals.items(), self._repr_blacklisted_types):
  File "/home/travis/build/failed/getslash/slash/slash/utils/traceback_utils.py", line 239, in _unwrap_self_locals
    yield 'self.{}'.format(attr_name), attr_value
NameError: name 'attr_name' is not defined

During handling of the above exception, another exception occurred:

Traceback (most recent call last):
  File "/home/travis/build/failed/getslash/slash/slash/core/result.py", line 232, in _add_error
    error.log_added()
  File "/home/travis/build/failed/getslash/slash/slash/core/error.py", line 62, in log_added
    tb = self.traceback.to_string(include_vars=config.root.log.traceback_variables)
  File "/home/travis/build/failed/getslash/slash/slash/utils/traceback_utils.py", line 142, in to_string
    return '\n'.join(frame.to_string(include_vars=include_vars) for frame in self.frames)
  File "/home/travis/build/failed/getslash/slash/slash/utils/traceback_utils.py", line 142, in <genexpr>
    return '\n'.join(frame.to_string(include_vars=include_vars) for frame in self.frames)
  File "/home/travis/build/failed/getslash/slash/slash/utils/traceback_utils.py", line 227, in to_string
    for name, value in _unwrap_self_locals(self.python_frame.f_locals.items(), self._repr_blacklisted_types):
  File "/home/travis/build/failed/getslash/slash/slash/utils/traceback_utils.py", line 239, in _unwrap_self_locals
    yield 'self.{}'.format(attr_name), attr_value
NameError: name 'attr_name' is not defined
[2020-12-16 16:43:12.594021] TRACE: slash.core.scope_manager: Popping scope test (expected test)
[2020-12-16 16:43:12.594152] TRACE: slash.core.cleanup_manager: CleanupManager: popping scope 'test' (failure: False, interrupt: False)
[2020-12-16 16:43:12.594257] TRACE: slash.core.cleanup_manager: Calling cleanups of scope 'test' (failure=False, interrupt=False)
[2020-12-16 16:43:12.597449] TRACE: slash.core.scope_manager: Popped scope test
[2020-12-16 16:43:12.597869] DEBUG: slash.exception_handling: Handling exception
Traceback (most recent call last):
  File "/home/travis/build/failed/getslash/slash/slash/core/test.py", line 121, in run
    result = _call_with_fixtures(method, trigger_test_start=True)
  File "/home/travis/build/failed/getslash/slash/slash/core/fixtures/fixture_store.py", line 69, in call_with_fixtures
    returned = test_func(**kwargs)
  File "/tmp/tmpo5uquh5a/test_00408.py", line 19, in test_00411
    raise Exception("Test exception")
Exception: Test exception

During handling of the above exception, another exception occurred:

Traceback (most recent call last):
  File "/home/travis/build/failed/getslash/slash/slash/runner.py", line 114, in _run_single_test
    test.run()
  File "/home/travis/build/failed/getslash/slash/slash/core/test.py", line 121, in run
    result = _call_with_fixtures(method, trigger_test_start=True)
  File "/home/travis/build/failed/getslash/slash/slash/exception_handling.py", line 130, in __exit__
    handle_exception(exc_info, **self._kwargs)
  File "/home/travis/build/failed/getslash/slash/slash/exception_handling.py", line 163, in handle_exception
    handler(exc_info)
  File "/home/travis/build/failed/getslash/slash/slash/exception_handling.py", line 32, in update_current_result
    current_result.add_exception(exc_info)
  File "/home/travis/build/failed/getslash/slash/slash/core/result.py", line 113, in add_exception
    self.add_error(exc_info=exc_info)
  File "/home/travis/build/failed/getslash/slash/slash/core/result.py", line 205, in add_error
    err = self._add_error(self._errors, e, frame_correction=frame_correction + 1, exc_info=exc_info, append=append)
  File "/home/travis/build/failed/getslash/slash/slash/core/result.py", line 232, in _add_error
    error.log_added()
  File "/home/travis/build/failed/getslash/slash/slash/core/error.py", line 62, in log_added
    tb = self.traceback.to_string(include_vars=config.root.log.traceback_variables)
  File "/home/travis/build/failed/getslash/slash/slash/utils/traceback_utils.py", line 142, in to_string
    return '\n'.join(frame.to_string(include_vars=include_vars) for frame in self.frames)
  File "/home/travis/build/failed/getslash/slash/slash/utils/traceback_utils.py", line 142, in <genexpr>
    return '\n'.join(frame.to_string(include_vars=include_vars) for frame in self.frames)
  File "/home/travis/build/failed/getslash/slash/slash/utils/traceback_utils.py", line 227, in to_string
    for name, value in _unwrap_self_locals(self.python_frame.f_locals.items(), self._repr_blacklisted_types):
  File "/home/travis/build/failed/getslash/slash/slash/utils/traceback_utils.py", line 239, in _unwrap_self_locals
    yield 'self.{}'.format(attr_name), attr_value
NameError: name 'attr_name' is not defined

During handling of the above exception, another exception occurred:

Traceback (most recent call last):
  File ".env/bin/py.test", line 8, in <module>
    sys.exit(console_main())
  File "/home/travis/build/failed/getslash/slash/.env/lib/python3.7/site-packages/_pytest/config/__init__.py", line 185, in console_main
    code = main()
  File "/home/travis/build/failed/getslash/slash/.env/lib/python3.7/site-packages/_pytest/config/__init__.py", line 163, in main
    config=config
  File "/home/travis/build/failed/getslash/slash/.env/lib/python3.7/site-packages/pluggy/hooks.py", line 286, in __call__
    return self._hookexec(self, self.get_hookimpls(), kwargs)
  File "/home/travis/build/failed/getslash/slash/.env/lib/python3.7/site-packages/pluggy/manager.py", line 93, in _hookexec
    return self._inner_hookexec(hook, methods, kwargs)
  File "/home/travis/build/failed/getslash/slash/.env/lib/python3.7/site-packages/pluggy/manager.py", line 87, in <lambda>
    firstresult=hook.spec.opts.get("firstresult") if hook.spec else False,
  File "/home/travis/build/failed/getslash/slash/.env/lib/python3.7/site-packages/pluggy/callers.py", line 187, in _multicall
    res = hook_impl.function(*args)
  File "/home/travis/build/failed/getslash/slash/.env/lib/python3.7/site-packages/_pytest/main.py", line 316, in pytest_cmdline_main
    return wrap_session(config, _main)
  File "/home/travis/build/failed/getslash/slash/.env/lib/python3.7/site-packages/_pytest/main.py", line 269, in wrap_session
    session.exitstatus = doit(config, session) or 0
  File "/home/travis/build/failed/getslash/slash/.env/lib/python3.7/site-packages/_pytest/main.py", line 323, in _main
    config.hook.pytest_runtestloop(session=session)
  File "/home/travis/build/failed/getslash/slash/.env/lib/python3.7/site-packages/pluggy/hooks.py", line 286, in __call__
    return self._hookexec(self, self.get_hookimpls(), kwargs)
  File "/home/travis/build/failed/getslash/slash/.env/lib/python3.7/site-packages/pluggy/manager.py", line 93, in _hookexec
    return self._inner_hookexec(hook, methods, kwargs)
  File "/home/travis/build/failed/getslash/slash/.env/lib/python3.7/site-packages/pluggy/manager.py", line 87, in <lambda>
    firstresult=hook.spec.opts.get("firstresult") if hook.spec else False,
  File "/home/travis/build/failed/getslash/slash/.env/lib/python3.7/site-packages/pluggy/callers.py", line 187, in _multicall
    res = hook_impl.function(*args)
  File "/home/travis/build/failed/getslash/slash/.env/lib/python3.7/site-packages/_pytest/main.py", line 348, in pytest_runtestloop
    item.config.hook.pytest_runtest_protocol(item=item, nextitem=nextitem)
  File "/home/travis/build/failed/getslash/slash/.env/lib/python3.7/site-packages/pluggy/hooks.py", line 286, in __call__
    return self._hookexec(self, self.get_hookimpls(), kwargs)
  File "/home/travis/build/failed/getslash/slash/.env/lib/python3.7/site-packages/pluggy/manager.py", line 93, in _hookexec
    return self._inner_hookexec(hook, methods, kwargs)
  File "/home/travis/build/failed/getslash/slash/.env/lib/python3.7/site-packages/pluggy/manager.py", line 87, in <lambda>
    firstresult=hook.spec.opts.get("firstresult") if hook.spec else False,
  File "/home/travis/build/failed/getslash/slash/.env/lib/python3.7/site-packages/pluggy/callers.py", line 187, in _multicall
    res = hook_impl.function(*args)
  File "/home/travis/build/failed/getslash/slash/.env/lib/python3.7/site-packages/_pytest/runner.py", line 109, in pytest_runtest_protocol
    runtestprotocol(item, nextitem=nextitem)
  File "/home/travis/build/failed/getslash/slash/.env/lib/python3.7/site-packages/_pytest/runner.py", line 126, in runtestprotocol
    reports.append(call_and_report(item, "call", log))
  File "/home/travis/build/failed/getslash/slash/.env/lib/python3.7/site-packages/_pytest/runner.py", line 215, in call_and_report
    call = call_runtest_hook(item, when, **kwds)
  File "/home/travis/build/failed/getslash/slash/.env/lib/python3.7/site-packages/_pytest/runner.py", line 255, in call_runtest_hook
    lambda: ihook(item=item, **kwds), when=when, reraise=reraise
  File "/home/travis/build/failed/getslash/slash/.env/lib/python3.7/site-packages/_pytest/runner.py", line 311, in from_call
    result: Optional[TResult] = func()
  File "/home/travis/build/failed/getslash/slash/.env/lib/python3.7/site-packages/_pytest/runner.py", line 255, in <lambda>
    lambda: ihook(item=item, **kwds), when=when, reraise=reraise
  File "/home/travis/build/failed/getslash/slash/.env/lib/python3.7/site-packages/pluggy/hooks.py", line 286, in __call__
    return self._hookexec(self, self.get_hookimpls(), kwargs)
  File "/home/travis/build/failed/getslash/slash/.env/lib/python3.7/site-packages/pluggy/manager.py", line 93, in _hookexec
    return self._inner_hookexec(hook, methods, kwargs)
  File "/home/travis/build/failed/getslash/slash/.env/lib/python3.7/site-packages/pluggy/manager.py", line 87, in <lambda>
    firstresult=hook.spec.opts.get("firstresult") if hook.spec else False,
  File "/home/travis/build/failed/getslash/slash/.env/lib/python3.7/site-packages/pluggy/callers.py", line 187, in _multicall
    res = hook_impl.function(*args)
  File "/home/travis/build/failed/getslash/slash/.env/lib/python3.7/site-packages/_pytest/runner.py", line 162, in pytest_runtest_call
    item.runtest()
  File "/home/travis/build/failed/getslash/slash/.env/lib/python3.7/site-packages/_pytest/python.py", line 1641, in runtest
    self.ihook.pytest_pyfunc_call(pyfuncitem=self)
  File "/home/travis/build/failed/getslash/slash/.env/lib/python3.7/site-packages/pluggy/hooks.py", line 286, in __call__
    return self._hookexec(self, self.get_hookimpls(), kwargs)
  File "/home/travis/build/failed/getslash/slash/.env/lib/python3.7/site-packages/pluggy/manager.py", line 93, in _hookexec
    return self._inner_hookexec(hook, methods, kwargs)
  File "/home/travis/build/failed/getslash/slash/.env/lib/python3.7/site-packages/pluggy/manager.py", line 87, in <lambda>
    firstresult=hook.spec.opts.get("firstresult") if hook.spec else False,
  File "/home/travis/build/failed/getslash/slash/.env/lib/python3.7/site-packages/pluggy/callers.py", line 187, in _multicall
    res = hook_impl.function(*args)
  File "/home/travis/build/failed/getslash/slash/.env/lib/python3.7/site-packages/_pytest/python.py", line 183, in pytest_pyfunc_call
    result = testfunction(**testargs)
  File "/home/travis/build/failed/getslash/slash/tests/test_add_error.py", line 96, in test_add_error_log_traceback_variables
    res = suite.run()
  File "/home/travis/build/failed/getslash/slash/tests/utils/suite_writer/suite.py", line 144, in run
    app_callback=captured.append,
  File "/home/travis/build/failed/getslash/slash/slash/frontend/slash_run.py", line 70, in slash_run
    run_tests(collected)
  File "/home/travis/build/failed/getslash/slash/slash/runner.py", line 57, in run_tests
    _run_single_test(test, test_iterator)
  File "/home/travis/build/failed/getslash/slash/slash/runner.py", line 114, in _run_single_test
    test.run()
  File "/home/travis/build/failed/getslash/slash/slash/exception_handling.py", line 130, in __exit__
    handle_exception(exc_info, **self._kwargs)
  File "/home/travis/build/failed/getslash/slash/slash/exception_handling.py", line 163, in handle_exception
    handler(exc_info)
  File "/home/travis/build/failed/getslash/slash/slash/exception_handling.py", line 32, in update_current_result
    current_result.add_exception(exc_info)
  File "/home/travis/build/failed/getslash/slash/slash/core/result.py", line 113, in add_exception
    self.add_error(exc_info=exc_info)
  File "/home/travis/build/failed/getslash/slash/slash/core/result.py", line 205, in add_error
    err = self._add_error(self._errors, e, frame_correction=frame_correction + 1, exc_info=exc_info, append=append)
  File "/home/travis/build/failed/getslash/slash/slash/core/result.py", line 232, in _add_error
    error.log_added()
  File "/home/travis/build/failed/getslash/slash/slash/core/error.py", line 62, in log_added
    tb = self.traceback.to_string(include_vars=config.root.log.traceback_variables)
  File "/home/travis/build/failed/getslash/slash/slash/utils/traceback_utils.py", line 142, in to_string
    return '\n'.join(frame.to_string(include_vars=include_vars) for frame in self.frames)
  File "/home/travis/build/failed/getslash/slash/slash/utils/traceback_utils.py", line 142, in <genexpr>
    return '\n'.join(frame.to_string(include_vars=include_vars) for frame in self.frames)
  File "/home/travis/build/failed/getslash/slash/slash/utils/traceback_utils.py", line 227, in to_string
    for name, value in _unwrap_self_locals(self.python_frame.f_locals.items(), self._repr_blacklisted_types):
  File "/home/travis/build/failed/getslash/slash/slash/utils/traceback_utils.py", line 239, in _unwrap_self_locals
    yield 'self.{}'.format(attr_name), attr_value
NameError: name 'attr_name' is not defined
[2020-12-16 16:43:12.609105] ERROR: slash.core.result: Failed to add error to result
Traceback (most recent call last):
  File "/home/travis/build/failed/getslash/slash/slash/core/test.py", line 121, in run
    result = _call_with_fixtures(method, trigger_test_start=True)
  File "/home/travis/build/failed/getslash/slash/slash/core/fixtures/fixture_store.py", line 69, in call_with_fixtures
    returned = test_func(**kwargs)
  File "/tmp/tmpo5uquh5a/test_00408.py", line 19, in test_00411
    raise Exception("Test exception")
Exception: Test exception

During handling of the above exception, another exception occurred:

Traceback (most recent call last):
  File "/home/travis/build/failed/getslash/slash/slash/runner.py", line 114, in _run_single_test
    test.run()
  File "/home/travis/build/failed/getslash/slash/slash/core/test.py", line 121, in run
    result = _call_with_fixtures(method, trigger_test_start=True)
  File "/home/travis/build/failed/getslash/slash/slash/exception_handling.py", line 130, in __exit__
    handle_exception(exc_info, **self._kwargs)
  File "/home/travis/build/failed/getslash/slash/slash/exception_handling.py", line 163, in handle_exception
    handler(exc_info)
  File "/home/travis/build/failed/getslash/slash/slash/exception_handling.py", line 32, in update_current_result
    current_result.add_exception(exc_info)
  File "/home/travis/build/failed/getslash/slash/slash/core/result.py", line 113, in add_exception
    self.add_error(exc_info=exc_info)
  File "/home/travis/build/failed/getslash/slash/slash/core/result.py", line 205, in add_error
    err = self._add_error(self._errors, e, frame_correction=frame_correction + 1, exc_info=exc_info, append=append)
  File "/home/travis/build/failed/getslash/slash/slash/core/result.py", line 232, in _add_error
    error.log_added()
  File "/home/travis/build/failed/getslash/slash/slash/core/error.py", line 62, in log_added
    tb = self.traceback.to_string(include_vars=config.root.log.traceback_variables)
  File "/home/travis/build/failed/getslash/slash/slash/utils/traceback_utils.py", line 142, in to_string
    return '\n'.join(frame.to_string(include_vars=include_vars) for frame in self.frames)
  File "/home/travis/build/failed/getslash/slash/slash/utils/traceback_utils.py", line 142, in <genexpr>
    return '\n'.join(frame.to_string(include_vars=include_vars) for frame in self.frames)
  File "/home/travis/build/failed/getslash/slash/slash/utils/traceback_utils.py", line 227, in to_string
    for name, value in _unwrap_self_locals(self.python_frame.f_locals.items(), self._repr_blacklisted_types):
  File "/home/travis/build/failed/getslash/slash/slash/utils/traceback_utils.py", line 239, in _unwrap_self_locals
    yield 'self.{}'.format(attr_name), attr_value
NameError: name 'attr_name' is not defined

During handling of the above exception, another exception occurred:

Traceback (most recent call last):
  File "/home/travis/build/failed/getslash/slash/slash/runner.py", line 114, in _run_single_test
    test.run()
  File "/home/travis/build/failed/getslash/slash/slash/exception_handling.py", line 130, in __exit__
    handle_exception(exc_info, **self._kwargs)
  File "/home/travis/build/failed/getslash/slash/slash/exception_handling.py", line 163, in handle_exception
    handler(exc_info)
  File "/home/travis/build/failed/getslash/slash/slash/exception_handling.py", line 32, in update_current_result
    current_result.add_exception(exc_info)
  File "/home/travis/build/failed/getslash/slash/slash/core/result.py", line 113, in add_exception
    self.add_error(exc_info=exc_info)
  File "/home/travis/build/failed/getslash/slash/slash/core/result.py", line 205, in add_error
    err = self._add_error(self._errors, e, frame_correction=frame_correction + 1, exc_info=exc_info, append=append)
  File "/home/travis/build/failed/getslash/slash/slash/core/result.py", line 232, in _add_error
    error.log_added()
  File "/home/travis/build/failed/getslash/slash/slash/core/error.py", line 62, in log_added
    tb = self.traceback.to_string(include_vars=config.root.log.traceback_variables)
  File "/home/travis/build/failed/getslash/slash/slash/utils/traceback_utils.py", line 142, in to_string
    return '\n'.join(frame.to_string(include_vars=include_vars) for frame in self.frames)
  File "/home/travis/build/failed/getslash/slash/slash/utils/traceback_utils.py", line 142, in <genexpr>
    return '\n'.join(frame.to_string(include_vars=include_vars) for frame in self.frames)
  File "/home/travis/build/failed/getslash/slash/slash/utils/traceback_utils.py", line 227, in to_string
    for name, value in _unwrap_self_locals(self.python_frame.f_locals.items(), self._repr_blacklisted_types):
  File "/home/travis/build/failed/getslash/slash/slash/utils/traceback_utils.py", line 239, in _unwrap_self_locals
    yield 'self.{}'.format(attr_name), attr_value
NameError: name 'attr_name' is not defined

During handling of the above exception, another exception occurred:

Traceback (most recent call last):
  File "/home/travis/build/failed/getslash/slash/slash/core/result.py", line 232, in _add_error
    error.log_added()
  File "/home/travis/build/failed/getslash/slash/slash/core/error.py", line 62, in log_added
    tb = self.traceback.to_string(include_vars=config.root.log.traceback_variables)
  File "/home/travis/build/failed/getslash/slash/slash/utils/traceback_utils.py", line 142, in to_string
    return '\n'.join(frame.to_string(include_vars=include_vars) for frame in self.frames)
  File "/home/travis/build/failed/getslash/slash/slash/utils/traceback_utils.py", line 142, in <genexpr>
    return '\n'.join(frame.to_string(include_vars=include_vars) for frame in self.frames)
  File "/home/travis/build/failed/getslash/slash/slash/utils/traceback_utils.py", line 227, in to_string
    for name, value in _unwrap_self_locals(self.python_frame.f_locals.items(), self._repr_blacklisted_types):
  File "/home/travis/build/failed/getslash/slash/slash/utils/traceback_utils.py", line 239, in _unwrap_self_locals
    yield 'self.{}'.format(attr_name), attr_value
NameError: name 'attr_name' is not defined
[2020-12-16 16:43:12.610093] DEBUG: slash.exception_handling: Handling exception
Traceback (most recent call last):
  File "/home/travis/build/failed/getslash/slash/slash/core/test.py", line 121, in run
    result = _call_with_fixtures(method, trigger_test_start=True)
  File "/home/travis/build/failed/getslash/slash/slash/core/fixtures/fixture_store.py", line 69, in call_with_fixtures
    returned = test_func(**kwargs)
  File "/tmp/tmpo5uquh5a/test_00408.py", line 19, in test_00411
    raise Exception("Test exception")
Exception: Test exception

During handling of the above exception, another exception occurred:

Traceback (most recent call last):
  File "/home/travis/build/failed/getslash/slash/slash/runner.py", line 114, in _run_single_test
    test.run()
  File "/home/travis/build/failed/getslash/slash/slash/core/test.py", line 121, in run
    result = _call_with_fixtures(method, trigger_test_start=True)
  File "/home/travis/build/failed/getslash/slash/slash/exception_handling.py", line 130, in __exit__
    handle_exception(exc_info, **self._kwargs)
  File "/home/travis/build/failed/getslash/slash/slash/exception_handling.py", line 163, in handle_exception
    handler(exc_info)
  File "/home/travis/build/failed/getslash/slash/slash/exception_handling.py", line 32, in update_current_result
    current_result.add_exception(exc_info)
  File "/home/travis/build/failed/getslash/slash/slash/core/result.py", line 113, in add_exception
    self.add_error(exc_info=exc_info)
  File "/home/travis/build/failed/getslash/slash/slash/core/result.py", line 205, in add_error
    err = self._add_error(self._errors, e, frame_correction=frame_correction + 1, exc_info=exc_info, append=append)
  File "/home/travis/build/failed/getslash/slash/slash/core/result.py", line 232, in _add_error
    error.log_added()
  File "/home/travis/build/failed/getslash/slash/slash/core/error.py", line 62, in log_added
    tb = self.traceback.to_string(include_vars=config.root.log.traceback_variables)
  File "/home/travis/build/failed/getslash/slash/slash/utils/traceback_utils.py", line 142, in to_string
    return '\n'.join(frame.to_string(include_vars=include_vars) for frame in self.frames)
  File "/home/travis/build/failed/getslash/slash/slash/utils/traceback_utils.py", line 142, in <genexpr>
    return '\n'.join(frame.to_string(include_vars=include_vars) for frame in self.frames)
  File "/home/travis/build/failed/getslash/slash/slash/utils/traceback_utils.py", line 227, in to_string
    for name, value in _unwrap_self_locals(self.python_frame.f_locals.items(), self._repr_blacklisted_types):
  File "/home/travis/build/failed/getslash/slash/slash/utils/traceback_utils.py", line 239, in _unwrap_self_locals
    yield 'self.{}'.format(attr_name), attr_value
NameError: name 'attr_name' is not defined

During handling of the above exception, another exception occurred:

Traceback (most recent call last):
  File "/home/travis/build/failed/getslash/slash/slash/runner.py", line 114, in _run_single_test
    test.run()
  File "/home/travis/build/failed/getslash/slash/slash/exception_handling.py", line 130, in __exit__
    handle_exception(exc_info, **self._kwargs)
  File "/home/travis/build/failed/getslash/slash/slash/exception_handling.py", line 163, in handle_exception
    handler(exc_info)
  File "/home/travis/build/failed/getslash/slash/slash/exception_handling.py", line 32, in update_current_result
    current_result.add_exception(exc_info)
  File "/home/travis/build/failed/getslash/slash/slash/core/result.py", line 113, in add_exception
    self.add_error(exc_info=exc_info)
  File "/home/travis/build/failed/getslash/slash/slash/core/result.py", line 205, in add_error
    err = self._add_error(self._errors, e, frame_correction=frame_correction + 1, exc_info=exc_info, append=append)
  File "/home/travis/build/failed/getslash/slash/slash/core/result.py", line 232, in _add_error
    error.log_added()
  File "/home/travis/build/failed/getslash/slash/slash/core/error.py", line 62, in log_added
    tb = self.traceback.to_string(include_vars=config.root.log.traceback_variables)
  File "/home/travis/build/failed/getslash/slash/slash/utils/traceback_utils.py", line 142, in to_string
    return '\n'.join(frame.to_string(include_vars=include_vars) for frame in self.frames)
  File "/home/travis/build/failed/getslash/slash/slash/utils/traceback_utils.py", line 142, in <genexpr>
    return '\n'.join(frame.to_string(include_vars=include_vars) for frame in self.frames)
  File "/home/travis/build/failed/getslash/slash/slash/utils/traceback_utils.py", line 227, in to_string
    for name, value in _unwrap_self_locals(self.python_frame.f_locals.items(), self._repr_blacklisted_types):
  File "/home/travis/build/failed/getslash/slash/slash/utils/traceback_utils.py", line 239, in _unwrap_self_locals
    yield 'self.{}'.format(attr_name), attr_value
NameError: name 'attr_name' is not defined

During handling of the above exception, another exception occurred:

Traceback (most recent call last):
  File ".env/bin/py.test", line 8, in <module>
    sys.exit(console_main())
  File "/home/travis/build/failed/getslash/slash/.env/lib/python3.7/site-packages/_pytest/config/__init__.py", line 185, in console_main
    code = main()
  File "/home/travis/build/failed/getslash/slash/.env/lib/python3.7/site-packages/_pytest/config/__init__.py", line 163, in main
    config=config
  File "/home/travis/build/failed/getslash/slash/.env/lib/python3.7/site-packages/pluggy/hooks.py", line 286, in __call__
    return self._hookexec(self, self.get_hookimpls(), kwargs)
  File "/home/travis/build/failed/getslash/slash/.env/lib/python3.7/site-packages/pluggy/manager.py", line 93, in _hookexec
    return self._inner_hookexec(hook, methods, kwargs)
  File "/home/travis/build/failed/getslash/slash/.env/lib/python3.7/site-packages/pluggy/manager.py", line 87, in <lambda>
    firstresult=hook.spec.opts.get("firstresult") if hook.spec else False,
  File "/home/travis/build/failed/getslash/slash/.env/lib/python3.7/site-packages/pluggy/callers.py", line 187, in _multicall
    res = hook_impl.function(*args)
  File "/home/travis/build/failed/getslash/slash/.env/lib/python3.7/site-packages/_pytest/main.py", line 316, in pytest_cmdline_main
    return wrap_session(config, _main)
  File "/home/travis/build/failed/getslash/slash/.env/lib/python3.7/site-packages/_pytest/main.py", line 269, in wrap_session
    session.exitstatus = doit(config, session) or 0
  File "/home/travis/build/failed/getslash/slash/.env/lib/python3.7/site-packages/_pytest/main.py", line 323, in _main
    config.hook.pytest_runtestloop(session=session)
  File "/home/travis/build/failed/getslash/slash/.env/lib/python3.7/site-packages/pluggy/hooks.py", line 286, in __call__
    return self._hookexec(self, self.get_hookimpls(), kwargs)
  File "/home/travis/build/failed/getslash/slash/.env/lib/python3.7/site-packages/pluggy/manager.py", line 93, in _hookexec
    return self._inner_hookexec(hook, methods, kwargs)
  File "/home/travis/build/failed/getslash/slash/.env/lib/python3.7/site-packages/pluggy/manager.py", line 87, in <lambda>
    firstresult=hook.spec.opts.get("firstresult") if hook.spec else False,
  File "/home/travis/build/failed/getslash/slash/.env/lib/python3.7/site-packages/pluggy/callers.py", line 187, in _multicall
    res = hook_impl.function(*args)
  File "/home/travis/build/failed/getslash/slash/.env/lib/python3.7/site-packages/_pytest/main.py", line 348, in pytest_runtestloop
    item.config.hook.pytest_runtest_protocol(item=item, nextitem=nextitem)
  File "/home/travis/build/failed/getslash/slash/.env/lib/python3.7/site-packages/pluggy/hooks.py", line 286, in __call__
    return self._hookexec(self, self.get_hookimpls(), kwargs)
  File "/home/travis/build/failed/getslash/slash/.env/lib/python3.7/site-packages/pluggy/manager.py", line 93, in _hookexec
    return self._inner_hookexec(hook, methods, kwargs)
  File "/home/travis/build/failed/getslash/slash/.env/lib/python3.7/site-packages/pluggy/manager.py", line 87, in <lambda>
    firstresult=hook.spec.opts.get("firstresult") if hook.spec else False,
  File "/home/travis/build/failed/getslash/slash/.env/lib/python3.7/site-packages/pluggy/callers.py", line 187, in _multicall
    res = hook_impl.function(*args)
  File "/home/travis/build/failed/getslash/slash/.env/lib/python3.7/site-packages/_pytest/runner.py", line 109, in pytest_runtest_protocol
    runtestprotocol(item, nextitem=nextitem)
  File "/home/travis/build/failed/getslash/slash/.env/lib/python3.7/site-packages/_pytest/runner.py", line 126, in runtestprotocol
    reports.append(call_and_report(item, "call", log))
  File "/home/travis/build/failed/getslash/slash/.env/lib/python3.7/site-packages/_pytest/runner.py", line 215, in call_and_report
    call = call_runtest_hook(item, when, **kwds)
  File "/home/travis/build/failed/getslash/slash/.env/lib/python3.7/site-packages/_pytest/runner.py", line 255, in call/home/travis/build/failed/getslash/slash/.env/lib/python3.7/site-packages/_pytest/config/__init__.py:431: PytestConfigWarning: pytest-catchlog plugin has been merged into the core, please remove it from your requirements.
  name.replace("_", "-")
_runtest_hook
    lambda: ihook(item=item, **kwds), when=when, reraise=reraise
  File "/home/travis/build/failed/getslash/slash/.env/lib/python3.7/site-packages/_pytest/runner.py", line 311, in from_call
    result: Optional[TResult] = func()
  File "/home/travis/build/failed/getslash/slash/.env/lib/python3.7/site-packages/_pytest/runner.py", line 255, in <lambda>
    lambda: ihook(item=item, **kwds), when=when, reraise=reraise
  File "/home/travis/build/failed/getslash/slash/.env/lib/python3.7/site-packages/pluggy/hooks.py", line 286, in __call__
    return self._hookexec(self, self.get_hookimpls(), kwargs)
  File "/home/travis/build/failed/getslash/slash/.env/lib/python3.7/site-packages/pluggy/manager.py", line 93, in _hookexec
    return self._inner_hookexec(hook, methods, kwargs)
  File "/home/travis/build/failed/getslash/slash/.env/lib/python3.7/site-packages/pluggy/manager.py", line 87, in <lambda>
    firstresult=hook.spec.opts.get("firstresult") if hook.spec else False,
  File "/home/travis/build/failed/getslash/slash/.env/lib/python3.7/site-packages/pluggy/callers.py", line 187, in _multicall
    res = hook_impl.function(*args)
  File "/home/travis/build/failed/getslash/slash/.env/lib/python3.7/site-packages/_pytest/runner.py", line 162, in pytest_runtest_call
    item.runtest()
  File "/home/travis/build/failed/getslash/slash/.env/lib/python3.7/site-packages/_pytest/python.py", line 1641, in runtest
    self.ihook.pytest_pyfunc_call(pyfuncitem=self)
  File "/home/travis/build/failed/getslash/slash/.env/lib/python3.7/site-packages/pluggy/hooks.py", line 286, in __call__
    return self._hookexec(self, self.get_hookimpls(), kwargs)
  File "/home/travis/build/failed/getslash/slash/.env/lib/python3.7/site-packages/pluggy/manager.py", line 93, in _hookexec
    return self._inner_hookexec(hook, methods, kwargs)
  File "/home/travis/build/failed/getslash/slash/.env/lib/python3.7/site-packages/pluggy/manager.py", line 87, in <lambda>
    firstresult=hook.spec.opts.get("firstresult") if hook.spec else False,
  File "/home/travis/build/failed/getslash/slash/.env/lib/python3.7/site-packages/pluggy/callers.py", line 187, in _multicall
    res = hook_impl.function(*args)
  File "/home/travis/build/failed/getslash/slash/.env/lib/python3.7/site-packages/_pytest/python.py", line 183, in pytest_pyfunc_call
    result = testfunction(**testargs)
  File "/home/travis/build/failed/getslash/slash/tests/test_add_error.py", line 96, in test_add_error_log_traceback_variables
    res = suite.run()
  File "/home/travis/build/failed/getslash/slash/tests/utils/suite_writer/suite.py", line 144, in run
    app_callback=captured.append,
  File "/home/travis/build/failed/getslash/slash/slash/frontend/slash_run.py", line 70, in slash_run
    run_tests(collected)
  File "/home/travis/build/failed/getslash/slash/slash/runner.py", line 57, in run_tests
    _run_single_test(test, test_iterator)
  File "/home/travis/build/failed/getslash/slash/slash/runner.py", line 116, in _run_single_test
    context.session.scope_manager.end_test(test)
  File "/home/travis/build/failed/getslash/slash/slash/exception_handling.py", line 130, in __exit__
    handle_exception(exc_info, **self._kwargs)
  File "/home/travis/build/failed/getslash/slash/slash/exception_handling.py", line 163, in handle_exception
    handler(exc_info)
  File "/home/travis/build/failed/getslash/slash/slash/exception_handling.py", line 32, in update_current_result
    current_result.add_exception(exc_info)
  File "/home/travis/build/failed/getslash/slash/slash/core/result.py", line 113, in add_exception
    self.add_error(exc_info=exc_info)
  File "/home/travis/build/failed/getslash/slash/slash/core/result.py", line 205, in add_error
    err = self._add_error(self._errors, e, frame_correction=frame_correction + 1, exc_info=exc_info, append=append)
  File "/home/travis/build/failed/getslash/slash/slash/core/result.py", line 232, in _add_error
    error.log_added()
  File "/home/travis/build/failed/getslash/slash/slash/core/error.py", line 62, in log_added
    tb = self.traceback.to_string(inTraceback (most recent call last):
  File ".env/bin/py.test", line 8, in <module>
    sys.exit(console_main())
  File "/home/travis/build/failed/getslash/slash/.env/lib/python3.7/site-packages/_pytest/config/__init__.py", line 185, in console_main
    code = main()
  File "/home/travis/build/failed/getslash/slash/.env/lib/python3.7/site-packages/_pytest/config/__init__.py", line 163, in main
    config=config
  File "/home/travis/build/failed/getslash/slash/.env/lib/python3.7/site-packages/pluggy/hooks.py", line 286, in __call__
    return self._hookexec(self, self.get_hookimpls(), kwargs)
  File "/home/travis/build/failed/getslash/slash/.env/lib/python3.7/site-packages/pluggy/manager.py", line 93, in _hookexec
    return self._inner_hookexec(hook, methods, kwargs)
  File "/home/travis/build/failed/getslash/slash/.env/lib/python3.7/site-packages/pluggy/manager.py", line 87, in <lambda>
    firstresult=hook.spec.opts.get("firstresult") if hook.spec else False,
  File "/home/travis/build/failed/getslash/slash/.env/lib/python3.7/site-packages/pluggy/callers.py", line 187, in _multicall
    res = hook_impl.function(*args)
  File "/home/travis/build/failed/getslash/slash/.env/lib/python3.7/site-packages/pluggy/callers.py", line 80, in get_result
    raise ex[1].with_traceback(ex[2])
  File "/home/travis/build/failed/getslash/slash/.env/lib/python3.7/site-packages/pluggy/callers.py", line 187, in _multicall
    res = hook_impl.function(*args)
  File "/home/travis/build/failed/getslash/slash/.env/lib/python3.7/site-packages/_pytest/main.py", line 316, in pytest_cmdline_main
    return wrap_session(config, _main)
  File "/home/travis/build/failed/getslash/slash/.env/lib/python3.7/site-packages/_pytest/main.py", line 269, in wrap_session
    session.exitstatus = doit(config, session) or 0
  File "/home/travis/build/failed/getslash/slash/.env/lib/python3.7/site-packages/pluggy/hooks.py", line 286, in __call__
    return self._hookexec(self, self.get_hookimpls(), kwargs)
  File "/home/travis/build/failed/getslash/slash/.env/lib/python3.7/site-packages/pluggy/manager.py", line 93, in _hookexec
    return self._inner_hookexec(hook, methods, kwargs)
  File "/home/travis/build/failed/getslash/slash/.env/lib/python3.7/site-packages/pluggy/manager.py", line 87, in <lambda>
    firstresult=hook.spec.opts.get("firstresult") if hook.spec else False,
  File "/home/travis/build/failed/getslash/slash/.env/lib/python3.7/site-packages/pluggy/callers.py", line 203, in _multicall
    gen.send(outcome)
  File "/home/travis/build/failed/getslash/slash/.env/lib/python3.7/site-packages/_pytest/terminal.py", line 814, in pytest_sessionfinish
    terminalreporter=self, exitstatus=exitstatus, config=self.config
  File "/home/travis/build/failed/getslash/slash/.env/lib/python3.7/site-packages/pluggy/hooks.py", line 286, in __call__
    return self._hookexec(self, self.get_hookimpls(), kwargs)
  File "/home/travis/build/failed/getslash/slash/.env/lib/python3.7/site-packages/pluggy/manager.py", line 93, in _hookexec
    return self._inner_hookexec(hook, methods, kwargs)
  File "/home/travis/build/failed/getslash/slash/.env/lib/python3.7/site-packages/pluggy/manager.py", line 87, in <lambda>
    firstresult=hook.spec.opts.get("firstresult") if hook.spec else False,
  File "/home/travis/build/failed/getslash/slash/.env/lib/python3.7/site-packages/pluggy/callers.py", line 208, in _multicall
    return outcome.get_result()
  File "/home/travis/build/failed/getslash/slash/.env/lib/python3.7/site-packages/pluggy/callers.py", line 80, in get_result
    raise ex[1].with_traceback(ex[2])
  File "/home/travis/build/failed/getslash/slash/.env/lib/python3.7/site-packages/pluggy/callers.py", line 182, in _multicall
    next(gen)  # first yield
  File "/home/travis/build/failed/getslash/slash/.env/lib/python3.7/site-packages/_pytest/terminal.py", line 828, in pytest_terminal_summary
    self.summary_failures()
  File "/home/travis/build/failed/getslash/slash/.env/lib/python3.7/site-packages/_pytest/terminal.py", line 1011, in summary_failures
    self._outrep_summary(rep)
  File "/home/travis/build/failed/getslash/slash/.env/lib/python3.7/site-packages/_pytest/terminal.py", line 1040, in _outrep_summary
    self._tw.line(content)
  File "/home/travis/build/failed/getslash/slash/.env/lib/python3.7/site-packages/_pytest/_io/terminalwriter.py", line 170, in line
    self.write(s, **markup)
  File "/home/travis/build/failed/getslash/slash/.env/lib/python3.7/site-packages/_pytest/_io/terminalwriter.py", line 155, in write
    self._file.write(msg)
BlockingIOError: [Errno 11] write could not complete without blocking
make: *** [test] Error 1

travis_time:end:1c69e9cf:start=1608136979383174315,finish=1608137478007292208,duration=498624117893[0K
[31;1mThe command "if [[ $TRAVIS_PYLINT != 'true' ]]; then make test; else make pylint; fi" exited with 2.[0m
travis_fold:start:after_failure[0Ktravis_time:start:074c5696[0K$ .env/bin/pip freeze
alabaster==0.7.12
arrow==0.17.0
astroid==1.5.3
atomicwrites==1.4.0
attrs==20.3.0
Babel==2.9.0
backcall==0.2.0
Brotli==1.0.9
certifi==2020.12.5
chardet==3.0.4
colorama==0.4.4
confetti==2.5.3
coverage==5.3
coveralls==2.2.0
decorator==4.4.2
dessert==1.4.1
docopt==0.6.2
docutils==0.16
emport==1.3.1
gossip==2.4.0
idna==2.10
imagesize==1.2.0
importlib-metadata==3.3.0
iniconfig==1.1.1
ipython==7.19.0
ipython-genutils==0.2.0
isort==5.6.4
jedi==0.17.2
Jinja2==2.11.2
lazy-object-proxy==1.5.2
libtmux==0.8.5
Logbook==1.5.3
MarkupSafe==1.1.1
mccabe==0.6.1
munch==2.5.0
orderedset==2.0.3
packaging==20.8
parso==0.7.1
pexpect==4.8.0
pickleshare==0.7.5
pluggy==0.13.1
prompt-toolkit==3.0.8
ptyprocess==0.6.0
py==1.10.0
pyforge==1.3.0
Pygments==2.7.3
pylint==1.7.6
pyparsing==2.4.7
pytest==6.2.1
pytest-catchlog==1.2.2
pytest-cov==2.10.1
pytest-timeout==1.4.2
python-dateutil==2.8.1
pytz==2020.4
raven==6.10.0
releases==1.6.3
requests==2.25.0
semantic-version==2.6.0
sentinels==1.0.0
six==1.15.0
-e git+https://github.com/getslash/slash.git@d4223cc2eb6d0630922bf2c1be978f5aaeed4373#egg=slash
snowballstemmer==2.0.0
Sphinx==3.3.1
sphinxcontrib-applehelp==1.0.2
sphinxcontrib-devhelp==1.0.2
sphinxcontrib-htmlhelp==1.0.3
sphinxcontrib-jsmath==1.0.1
sphinxcontrib-qthelp==1.0.3
sphinxcontrib-serializinghtml==1.1.4
SQLAlchemy==1.3.20
toml==0.10.2
traitlets==5.0.5
typing-extensions==3.7.4.3
urllib3==1.26.2
vintage==0.4.1
wcwidth==0.2.5
wrapt==1.12.1
zipp==3.4.0

travis_time:end:074c5696:start=1608137478021655780,finish=1608137478528323515,duration=506667735[0Ktravis_fold:end:after_failure[0K
Done. Your build exited with 1.
