travis_fold:start:system_info[0K[33;1mBuild system information[0m
Build language: python
Build group: stable
Build dist: precise
Build id: ''
Job id: ''
[34m[1mBuild image provisioning date and time[0m
Thu Feb  5 15:09:33 UTC 2015
[34m[1mOperating System Details[0m
Distributor ID:	Ubuntu
Description:	Ubuntu 12.04.5 LTS
Release:	12.04
Codename:	precise
[34m[1mLinux Version[0m
3.13.0-29-generic
[34m[1mCookbooks Version[0m
a68419e https://github.com/travis-ci/travis-cookbooks/tree/a68419e
[34m[1mGCC version[0m
gcc (Ubuntu/Linaro 4.6.3-1ubuntu5) 4.6.3
Copyright (C) 2011 Free Software Foundation, Inc.
This is free software; see the source for copying conditions.  There is NO
warranty; not even for MERCHANTABILITY or FITNESS FOR A PARTICULAR PURPOSE.

[34m[1mLLVM version[0m
clang version 3.4 (tags/RELEASE_34/final)
Target: x86_64-unknown-linux-gnu
Thread model: posix
[34m[1mPre-installed Ruby versions[0m
ruby-1.9.3-p551
[34m[1mPre-installed Node.js versions[0m
v0.10.36
[34m[1mPre-installed Go versions[0m
1.4.1
[34m[1mRedis version[0m
redis-server 2.8.19
[34m[1mriak version[0m
2.0.2
[34m[1mMongoDB version[0m
MongoDB 2.4.12
[34m[1mCouchDB version[0m
couchdb 1.6.1
[34m[1mNeo4j version[0m
1.9.4
[34m[1mRabbitMQ Version[0m
3.4.3
[34m[1mElasticSearch version[0m
1.4.0
[34m[1mInstalled Sphinx versions[0m
2.0.10
2.1.9
2.2.6
[34m[1mDefault Sphinx version[0m
2.2.6
[34m[1mInstalled Firefox version[0m
firefox 31.0esr
[34m[1mPhantomJS version[0m
1.9.8
[34m[1mant -version[0m
Apache Ant(TM) version 1.8.2 compiled on December 3 2011
[34m[1mmvn -version[0m
Apache Maven 3.2.5 (12a6b3acb947671f09b81f49094c53f426d8cea1; 2014-12-14T17:29:23+00:00)
Maven home: /usr/local/maven
Java version: 1.7.0_76, vendor: Oracle Corporation
Java home: /usr/lib/jvm/java-7-oracle/jre
Default locale: en_US, platform encoding: ANSI_X3.4-1968
OS name: "linux", version: "3.13.0-29-generic", arch: "amd64", family: "unix"
travis_fold:end:system_info[0K
grep: /etc/apt/sources.list.d/*: No such file or directory
sed: cannot rename /etc/hosts: Device or resource busy
sed: cannot rename /etc/hosts: Device or resource busy
$ cd passed/hivesolutions/appier
travis_fold:start:services[0Ktravis_time:start:015a0326[0K$ sudo service mongodb start
 * Starting database mongodb
   ...done.

travis_time:end:015a0326:start=1608143459371349847,finish=1608143460408828112,duration=1037478265[0Ktravis_fold:end:services[0K
[33;1mSetting environment variables from .travis.yml[0m
$ export ADAPTER=tiny

travis_time:start:152bb262[0K$ source ~/virtualenv/python3.3/bin/activate

travis_time:end:152bb262:start=1608143463644664691,finish=1608143463654874665,duration=10209974[0K$ python --version
Python 3.3.5
$ pip --version
pip 6.0.7 from /home/travis/virtualenv/python3.3.5/lib/python3.3/site-packages (python 3.3)
travis_fold:start:install.1[0Ktravis_time:start:0f68a739[0K$ pip install "pkginfo<1.3"
Collecting pkginfo<1.3
  Downloading https://files.pythonhosted.org/packages/a9/52/f6f41c68625a79bc037d8d75b5a5aa5f525ce2831152be81b5fdb5150175/pkginfo-1.2.1.tar.gz
Installing collected packages: pkginfo
  Running setup.py install for pkginfo
    Installing pkginfo script to /home/travis/virtualenv/python3.3.5/bin
Successfully installed pkginfo-1.2.1

travis_time:end:0f68a739:start=1608143464041196517,finish=1608143465415400359,duration=1374203842[0Ktravis_fold:end:install.1[0Ktravis_fold:start:install.2[0Ktravis_time:start:0b617fd5[0K$ pip install -r requirements.txt
Collecting pymongo==3.2.2 (from -r requirements.txt (line 1))
  Downloading https://files.pythonhosted.org/packages/5a/59/d4faf11957b03a470882670f5f7dafd424a0364fdc0d8c7e8ab53f58ac40/pymongo-3.2.2.tar.gz (504kB)
Collecting tinydb==3.2.1 (from -r requirements.txt (line 2))
  Downloading https://files.pythonhosted.org/packages/6c/2e/0df79439cf5cb3c6acfc9fb87e12d9a0ff45d3c573558079b09c72b64ced/tinydb-3.2.1.zip
Collecting redis==2.10.5 (from -r requirements.txt (line 3))
  Downloading https://files.pythonhosted.org/packages/08/c1/457428f7507e27ba7144758a7b716ea35766e6d602f4a0c16e443ab3d381/redis-2.10.5-py2.py3-none-any.whl (60kB)
Installing collected packages: redis, tinydb, pymongo

  Running setup.py install for tinydb
  Running setup.py install for pymongo
    building 'bson._cbson' extension
    gcc -pthread -Wno-unused-result -DNDEBUG -g -fwrapv -O3 -Wall -Wstrict-prototypes -g -fstack-protector --param=ssp-buffer-size=4 -Wformat -Werror=format-security -fPIC -Ibson -I/opt/python/3.3.5/include/python3.3m -c bson/_cbsonmodule.c -o build/temp.linux-x86_64-3.3/bson/_cbsonmodule.o
    gcc -pthread -Wno-unused-result -DNDEBUG -g -fwrapv -O3 -Wall -Wstrict-prototypes -g -fstack-protector --param=ssp-buffer-size=4 -Wformat -Werror=format-security -fPIC -Ibson -I/opt/python/3.3.5/include/python3.3m -c bson/time64.c -o build/temp.linux-x86_64-3.3/bson/time64.o
    gcc -pthread -Wno-unused-result -DNDEBUG -g -fwrapv -O3 -Wall -Wstrict-prototypes -g -fstack-protector --param=ssp-buffer-size=4 -Wformat -Werror=format-security -fPIC -Ibson -I/opt/python/3.3.5/include/python3.3m -c bson/buffer.c -o build/temp.linux-x86_64-3.3/bson/buffer.o
    gcc -pthread -Wno-unused-result -DNDEBUG -g -fwrapv -O3 -Wall -Wstrict-prototypes -g -fstack-protector --param=ssp-buffer-size=4 -Wformat -Werror=format-security -fPIC -Ibson -I/opt/python/3.3.5/include/python3.3m -c bson/encoding_helpers.c -o build/temp.linux-x86_64-3.3/bson/encoding_helpers.o
    gcc -pthread -shared -L/opt/python/3.3.5/lib -Wl,-rpath=/opt/python/3.3.5/lib build/temp.linux-x86_64-3.3/bson/_cbsonmodule.o build/temp.linux-x86_64-3.3/bson/time64.o build/temp.linux-x86_64-3.3/bson/buffer.o build/temp.linux-x86_64-3.3/bson/encoding_helpers.o -L/opt/python/3.3.5/lib -lpython3.3m -o build/lib.linux-x86_64-3.3/bson/_cbson.cpython-33m.so
    building 'pymongo._cmessage' extension
    gcc -pthread -Wno-unused-result -DNDEBUG -g -fwrapv -O3 -Wall -Wstrict-prototypes -g -fstack-protector --param=ssp-buffer-size=4 -Wformat -Werror=format-security -fPIC -Ibson -I/opt/python/3.3.5/include/python3.3m -c pymongo/_cmessagemodule.c -o build/temp.linux-x86_64-3.3/pymongo/_cmessagemodule.o
    gcc -pthread -Wno-unused-result -DNDEBUG -g -fwrapv -O3 -Wall -Wstrict-prototypes -g -fstack-protector --param=ssp-buffer-size=4 -Wformat -Werror=format-security -fPIC -Ibson -I/opt/python/3.3.5/include/python3.3m -c bson/buffer.c -o build/temp.linux-x86_64-3.3/bson/buffer.o
    gcc -pthread -shared -L/opt/python/3.3.5/lib -Wl,-rpath=/opt/python/3.3.5/lib build/temp.linux-x86_64-3.3/pymongo/_cmessagemodule.o build/temp.linux-x86_64-3.3/bson/buffer.o -L/opt/python/3.3.5/lib -lpython3.3m -o build/lib.linux-x86_64-3.3/pymongo/_cmessage.cpython-33m.so
Successfully installed pymongo-3.2.2 redis-2.10.5 tinydb-3.2.1

travis_time:end:0b617fd5:start=1608143465423216999,finish=1608143471451344316,duration=6028127317[0Ktravis_fold:end:install.2[0Ktravis_fold:start:install.3[0Ktravis_time:start:11789e0e[0K$ pip install coveralls==1.1
Collecting coveralls==1.1
  Downloading https://files.pythonhosted.org/packages/81/f9/da2ad9334f60e418cb229c58724330be2635b369676d3eec8f61e1f85faa/coveralls-1.1-py2.py3-none-any.whl
Collecting coverage>=3.6 (from coveralls==1.1)
  Downloading https://files.pythonhosted.org/packages/da/50/4c0c93ea67c8b42aa700cfbdedd64ea5ac5e7108ba14e3e744f57309304b/coverage-5.3.tar.gz (693kB)
    /opt/python/3.3.5/lib/python3.3/distutils/dist.py:258: UserWarning: Unknown distribution option: 'long_description_content_type'
      warnings.warn(msg)
    /opt/python/3.3.5/lib/python3.3/distutils/dist.py:258: UserWarning: Unknown distribution option: 'python_requires'
      warnings.warn(msg)
    /opt/python/3.3.5/lib/python3.3/distutils/dist.py:258: UserWarning: Unknown distribution option: 'project_urls'
      warnings.warn(msg)
Collecting requests>=1.0.0 (from coveralls==1.1)
  Downloading https://files.pythonhosted.org/packages/39/fc/f91eac5a39a65f75a7adb58eac7fa78871ea9872283fb9c44e6545998134/requests-2.25.0-py2.py3-none-any.whl (61kB)
Collecting docopt>=0.6.1 (from coveralls==1.1)
  Downloading https://files.pythonhosted.org/packages/a2/55/8f8cab2afd404cf578136ef2cc5dfb50baa1761b68c9da1fb1e4eed343c9/docopt-0.6.2.tar.gz
Collecting certifi>=2017.4.17 (from requests>=1.0.0->coveralls==1.1)
  Downloading https://files.pythonhosted.org/packages/5e/a0/5f06e1e1d463903cf0c0eebeb751791119ed7a4b3737fdc9a77f1cdfb51f/certifi-2020.12.5-py2.py3-none-any.whl (147kB)
Collecting urllib3<1.27,>=1.21.1 (from requests>=1.0.0->coveralls==1.1)
  Downloading https://files.pythonhosted.org/packages/f5/71/45d36a8df68f3ebb098d6861b2c017f3d094538c0fb98fa61d4dc43e69b9/urllib3-1.26.2-py2.py3-none-any.whl (136kB)
Collecting chardet<4,>=3.0.2 (from requests>=1.0.0->coveralls==1.1)
  Downloading https://files.pythonhosted.org/packages/bc/a9/01ffebfb562e4274b6487b4bb1ddec7ca55ec7510b22e4c51f14098443b8/chardet-3.0.4-py2.py3-none-any.whl (133kB)
Collecting idna<3,>=2.5 (from requests>=1.0.0->coveralls==1.1)
  Downloading https://files.pythonhosted.org/packages/a2/38/928ddce2273eaa564f6f50de919327bf3a00f091b5baba8dfa9460f3a8a8/idna-2.10-py2.py3-none-any.whl (58kB)
Installing collected packages: idna, chardet, urllib3, certifi, docopt, requests, coverage, coveralls




  Running setup.py install for docopt

  Running setup.py install for coverage
    building 'coverage.tracer' extension
    gcc -pthread -Wno-unused-result -DNDEBUG -g -fwrapv -O3 -Wall -Wstrict-prototypes -g -fstack-protector --param=ssp-buffer-size=4 -Wformat -Werror=format-security -fPIC -I/opt/python/3.3.5/include/python3.3m -c coverage/ctracer/datastack.c -o build/temp.linux-x86_64-3.3/coverage/ctracer/datastack.o
    gcc -pthread -Wno-unused-result -DNDEBUG -g -fwrapv -O3 -Wall -Wstrict-prototypes -g -fstack-protector --param=ssp-buffer-size=4 -Wformat -Werror=format-security -fPIC -I/opt/python/3.3.5/include/python3.3m -c coverage/ctracer/filedisp.c -o build/temp.linux-x86_64-3.3/coverage/ctracer/filedisp.o
    gcc -pthread -Wno-unused-result -DNDEBUG -g -fwrapv -O3 -Wall -Wstrict-prototypes -g -fstack-protector --param=ssp-buffer-size=4 -Wformat -Werror=format-security -fPIC -I/opt/python/3.3.5/include/python3.3m -c coverage/ctracer/module.c -o build/temp.linux-x86_64-3.3/coverage/ctracer/module.o
    gcc -pthread -Wno-unused-result -DNDEBUG -g -fwrapv -O3 -Wall -Wstrict-prototypes -g -fstack-protector --param=ssp-buffer-size=4 -Wformat -Werror=format-security -fPIC -I/opt/python/3.3.5/include/python3.3m -c coverage/ctracer/tracer.c -o build/temp.linux-x86_64-3.3/coverage/ctracer/tracer.o
    gcc -pthread -shared -L/opt/python/3.3.5/lib -Wl,-rpath=/opt/python/3.3.5/lib build/temp.linux-x86_64-3.3/coverage/ctracer/datastack.o build/temp.linux-x86_64-3.3/coverage/ctracer/filedisp.o build/temp.linux-x86_64-3.3/coverage/ctracer/module.o build/temp.linux-x86_64-3.3/coverage/ctracer/tracer.o -L/opt/python/3.3.5/lib -lpython3.3m -o build/lib.linux-x86_64-3.3/coverage/tracer.cpython-33m.so
    /opt/python/3.3.5/lib/python3.3/distutils/dist.py:258: UserWarning: Unknown distribution option: 'python_requires'
      warnings.warn(msg)
    /opt/python/3.3.5/lib/python3.3/distutils/dist.py:258: UserWarning: Unknown distribution option: 'long_description_content_type'
      warnings.warn(msg)
    /opt/python/3.3.5/lib/python3.3/distutils/dist.py:258: UserWarning: Unknown distribution option: 'project_urls'
      warnings.warn(msg)
    Installing coverage3 script to /home/travis/virtualenv/python3.3.5/bin
    Installing coverage-3.3 script to /home/travis/virtualenv/python3.3.5/bin
    Installing coverage script to /home/travis/virtualenv/python3.3.5/bin

Successfully installed certifi-2020.12.5 chardet-3.0.4 coverage-5.3 coveralls-1.1 docopt-0.6.2 idna-2.10 requests-2.25.0 urllib3-1.26.2

travis_time:end:11789e0e:start=1608143471461332919,finish=1608143477356585164,duration=5895252245[0Ktravis_fold:end:install.3[0Ktravis_fold:start:install.4[0Ktravis_time:start:07e145e9[0K$ pip install twine==1.6.5
Collecting twine==1.6.5
  Downloading https://files.pythonhosted.org/packages/db/79/db4edb6e85fda783b00d578a44891cc42c1744167ac6137a1da91edd10c1/twine-1.6.5-py2.py3-none-any.whl
Requirement already satisfied (use --upgrade to upgrade): pkginfo>=1.0 in /home/travis/virtualenv/python3.3.5/lib/python3.3/site-packages (from twine==1.6.5)
Collecting requests-toolbelt>=0.4.0 (from twine==1.6.5)
  Downloading https://files.pythonhosted.org/packages/60/ef/7681134338fc097acef8d9b2f8abe0458e4d87559c689a8c306d0957ece5/requests_toolbelt-0.9.1-py2.py3-none-any.whl (54kB)
Requirement already satisfied (use --upgrade to upgrade): requests>=2.3.0 in /home/travis/virtualenv/python3.3.5/lib/python3.3/site-packages (from twine==1.6.5)
Requirement already satisfied (use --upgrade to upgrade): setuptools>=0.7.0 in /home/travis/virtualenv/python3.3.5/lib/python3.3/site-packages (from twine==1.6.5)
Requirement already satisfied (use --upgrade to upgrade): idna<3,>=2.5 in /home/travis/virtualenv/python3.3.5/lib/python3.3/site-packages (from requests>=2.3.0->twine==1.6.5)
Requirement already satisfied (use --upgrade to upgrade): urllib3<1.27,>=1.21.1 in /home/travis/virtualenv/python3.3.5/lib/python3.3/site-packages (from requests>=2.3.0->twine==1.6.5)
Requirement already satisfied (use --upgrade to upgrade): chardet<4,>=3.0.2 in /home/travis/virtualenv/python3.3.5/lib/python3.3/site-packages (from requests>=2.3.0->twine==1.6.5)
Requirement already satisfied (use --upgrade to upgrade): certifi>=2017.4.17 in /home/travis/virtualenv/python3.3.5/lib/python3.3/site-packages (from requests>=2.3.0->twine==1.6.5)
Installing collected packages: requests-toolbelt, twine


Successfully installed requests-toolbelt-0.9.1 twine-1.6.5

travis_time:end:07e145e9:start=1608143477364943701,finish=1608143478376566568,duration=1011622867[0Ktravis_fold:end:install.4[0Ktravis_time:start:0119cd62[0K$ if [[ $TRAVIS_PYTHON_VERSION != "3.2" ]]; then coverage run --source=appier setup.py test; else python setup.py test; fi
running test
running egg_info
creating src/appier.egg-info
writing top-level names to src/appier.egg-info/top_level.txt
writing dependency_links to src/appier.egg-info/dependency_links.txt
writing src/appier.egg-info/PKG-INFO
writing manifest file 'src/appier.egg-info/SOURCES.txt'
reading manifest file 'src/appier.egg-info/SOURCES.txt'
reading manifest template 'MANIFEST.in'
writing manifest file 'src/appier.egg-info/SOURCES.txt'
running build_ext
test_locale (appier.test.base.BaseTest) ... ok
test_memory (appier.test.cache.CacheTest) ... ok
test_rc4 (appier.test.crypt.CryptTest) ... ok
test_spritz (appier.test.crypt.CryptTest) ... ok
test_id (appier.test.data.DataTest) ... ok
test_encoding (appier.test.exceptions.ExceptionsTest) ... ok
test_validation (appier.test.exceptions.ExceptionsTest) ... ok
test_import_multiple (appier.test.export.ExportTest) ... ok
test_import_single (appier.test.export.ExportTest) ... ok
test_get_f (appier.test.http.HttpTest) ... ok
test_parse_url (appier.test.http.HttpTest) ... ok
test_redirect (appier.test.http.HttpTest) ... ERROR
test_argspec (appier.test.legacy.LegacyTest) ... ok
test_tobytes (appier.test.legacy.LegacyTest) ... ok
test_tostring (appier.test.legacy.LegacyTest) ... ok
test_basic (appier.test.model.ModelTest) ... ok
test_count (appier.test.model.ModelTest) ... ok
test_delete (appier.test.model.ModelTest) ... ok
test_eager (appier.test.model.ModelTest) ... ok
test_exists (appier.test.model.ModelTest) ... ok
test_find (appier.test.model.ModelTest) ... ok
test_increment (appier.test.model.ModelTest) ... ok
test_map (appier.test.model.ModelTest) ... ok
test_meta (appier.test.model.ModelTest) ... ok
test_range (appier.test.model.ModelTest) ... ok
test_references (appier.test.model.ModelTest) ... ok
test_sort (appier.test.model.ModelTest) ... ok
test_validation (appier.test.model.ModelTest) ... ok
test_wrap (appier.test.model.ModelTest) ... ok
test_mock (appier.test.request.RequestTest) ... ok
test_csv (appier.test.serialize.SerializeTest) ... ok
test_expire (appier.test.session.SessionTest) ... ok
test_file (appier.test.session.SessionTest) ... ok
test_memory (appier.test.session.SessionTest) ... ok
test_transient (appier.test.session.SessionTest) ... ok
test_plain (appier.test.smtp.SmtpTest) ... ok
test_order (appier.test.structures.OrderedDictTest) ... ok
test_dumpall (appier.test.typesf.TypesfTest) ... ok
test_encrypted (appier.test.typesf.TypesfTest) ... ok
test_file (appier.test.typesf.TypesfTest) ... ok
test_reference (appier.test.typesf.TypesfTest) ... ok
test_references (appier.test.typesf.TypesfTest) ... ok
test_date_to_timestamp (appier.test.util.UtilTest) ... ok
test_dict_merge (appier.test.util.UtilTest) ... ok
test_email_mime (appier.test.util.UtilTest) ... ok
test_email_parts (appier.test.util.UtilTest) ... ok
test_obfuscate (appier.test.util.UtilTest) ... ok

======================================================================
ERROR: test_redirect (appier.test.http.HttpTest)
----------------------------------------------------------------------
Traceback (most recent call last):
  File "/home/travis/build/passed/hivesolutions/appier/src/appier/http.py", line 444, in _resolve
    try: result = resolver(*args, **kwargs)
  File "/home/travis/build/passed/hivesolutions/appier/src/appier/http.py", line 455, in _resolve_netius
    import netius.clients
ImportError: No module named 'netius'

During handling of the above exception, another exception occurred:

Traceback (most recent call last):
  File "/home/travis/build/passed/hivesolutions/appier/src/appier/http.py", line 208, in _method
    result = method(*args, **kwargs)
  File "/home/travis/build/passed/hivesolutions/appier/src/appier/http.py", line 235, in _get
    redirect = redirect
  File "/home/travis/build/passed/hivesolutions/appier/src/appier/http.py", line 351, in _method_empty
    file = _resolve(url, name, headers, None, timeout)
  File "/home/travis/build/passed/hivesolutions/appier/src/appier/http.py", line 445, in _resolve
    except ImportError: result = _resolve_legacy(*args, **kwargs)
  File "/home/travis/build/passed/hivesolutions/appier/src/appier/http.py", line 452, in _resolve_legacy
    return opener.open(request, timeout = timeout)
  File "/opt/python/3.3.5/lib/python3.3/urllib/request.py", line 475, in open
    response = meth(req, response)
  File "/opt/python/3.3.5/lib/python3.3/urllib/request.py", line 587, in http_response
    'http', request, response, code, msg, hdrs)
  File "/opt/python/3.3.5/lib/python3.3/urllib/request.py", line 513, in error
    return self._call_chain(*args)
  File "/opt/python/3.3.5/lib/python3.3/urllib/request.py", line 447, in _call_chain
    result = func(*args)
  File "/opt/python/3.3.5/lib/python3.3/urllib/request.py", line 595, in http_error_default
    raise HTTPError(req.full_url, code, msg, hdrs, fp)
urllib.error.HTTPError: HTTP Error 404: Not Found

During handling of the above exception, another exception occurred:

Traceback (most recent call last):
  File "/home/travis/build/passed/hivesolutions/appier/src/appier/test/http.py", line 92, in test_redirect
    redirect = True
  File "/home/travis/build/passed/hivesolutions/appier/src/appier/http.py", line 106, in get
    auth_callback = auth_callback
  File "/home/travis/build/passed/hivesolutions/appier/src/appier/http.py", line 218, in _method
    raise exceptions.HTTPError(error, code)
appier.exceptions.HTTPError: [404] Problem in the HTTP request

----------------------------------------------------------------------
Ran 47 tests in 1.698s

FAILED (errors=1)

travis_time:end:0119cd62:start=1608143478386825972,finish=1608143481508962201,duration=3122136229[0K
[31;1mThe command "if [[ $TRAVIS_PYTHON_VERSION != "3.2" ]]; then coverage run --source=appier setup.py test; else python setup.py test; fi" exited with 1.[0m

Done. Your build exited with 1.
